Archive member included to satisfy reference by file (symbol)

.\CortexM0\ARM_GCC_541\Debug\KOJUKEI_20241030.a(UART_1.o)
                              .\CortexM0\ARM_GCC_541\Debug\main.o (UART_1_Start)
.\CortexM0\ARM_GCC_541\Debug\KOJUKEI_20241030.a(UART_1_SPI_UART.o)
                              .\CortexM0\ARM_GCC_541\Debug\main.o (UART_1_SpiUartWriteTxData)
.\CortexM0\ARM_GCC_541\Debug\KOJUKEI_20241030.a(UART_1_UART.o)
                              .\CortexM0\ARM_GCC_541\Debug\KOJUKEI_20241030.a(UART_1.o) (UART_1_UartInit)
.\CortexM0\ARM_GCC_541\Debug\KOJUKEI_20241030.a(CapSense_Control.o)
                              .\CortexM0\ARM_GCC_541\Debug\main.o (CapSense_Start)
.\CortexM0\ARM_GCC_541\Debug\KOJUKEI_20241030.a(CapSense_Processing.o)
                              .\CortexM0\ARM_GCC_541\Debug\KOJUKEI_20241030.a(CapSense_Control.o) (CapSense_DpInitialize)
.\CortexM0\ARM_GCC_541\Debug\KOJUKEI_20241030.a(CapSense_Structure.o)
                              .\CortexM0\ARM_GCC_541\Debug\KOJUKEI_20241030.a(CapSense_Control.o) (CapSense_DsInitialize)
.\CortexM0\ARM_GCC_541\Debug\KOJUKEI_20241030.a(CapSense_Tuner.o)
                              .\CortexM0\ARM_GCC_541\Debug\KOJUKEI_20241030.a(CapSense_Control.o) (CapSense_TuInitialize)
.\CortexM0\ARM_GCC_541\Debug\KOJUKEI_20241030.a(CapSense_Filter.o)
                              .\CortexM0\ARM_GCC_541\Debug\main.o (CapSense_InitializeAllBaselines)
.\CortexM0\ARM_GCC_541\Debug\KOJUKEI_20241030.a(CapSense_Sensing.o)
                              .\CortexM0\ARM_GCC_541\Debug\main.o (CapSense_IsBusy)
.\CortexM0\ARM_GCC_541\Debug\KOJUKEI_20241030.a(CapSense_SensingCSD_LL.o)
                              .\CortexM0\ARM_GCC_541\Debug\KOJUKEI_20241030.a(CapSense_Sensing.o) (CapSense_SsCSDInitialize)
.\CortexM0\ARM_GCC_541\Debug\KOJUKEI_20241030.a(CapSense_Centroid_LL.o)
                              .\CortexM0\ARM_GCC_541\Debug\KOJUKEI_20241030.a(CapSense_Processing.o) (CapSense_DpFindLocalMaxSd)
.\CortexM0\ARM_GCC_541\Debug\KOJUKEI_20241030.a(LED_CONTROL.o)
                              .\CortexM0\ARM_GCC_541\Debug\main.o (LED_CONTROL_WriteCompare)
.\CortexM0\ARM_GCC_541\Debug\KOJUKEI_20241030.a(Pin_1.o)
                              .\CortexM0\ARM_GCC_541\Debug\main.o (Pin_1_Write)
.\CortexM0\ARM_GCC_541\Debug\KOJUKEI_20241030.a(CyLib.o)
                              .\CortexM0\ARM_GCC_541\Debug\cyfitter_cfg.o (CyIntEnable)
.\CortexM0\ARM_GCC_541\Debug\KOJUKEI_20241030.a(CyLFClk.o)
                              .\CortexM0\ARM_GCC_541\Debug\cyfitter_cfg.o (CySysWdtIsr)
.\CortexM0\ARM_GCC_541\Debug\KOJUKEI_20241030.a(CapSense_ISR.o)
                              .\CortexM0\ARM_GCC_541\Debug\KOJUKEI_20241030.a(CapSense_Sensing.o) (CapSense_ISR_StartEx)
.\CortexM0\ARM_GCC_541\Debug\KOJUKEI_20241030.a(CyBootAsmGnu.o)
                              .\CortexM0\ARM_GCC_541\Debug\KOJUKEI_20241030.a(CapSense_SensingCSD_LL.o) (CyDelayCycles)
.\CortexM0\ARM_GCC_541\Debug\KOJUKEI_20241030.a(CapSense_INT.o)
                              .\CortexM0\ARM_GCC_541\Debug\KOJUKEI_20241030.a(CapSense_SensingCSD_LL.o) (CapSense_CSDPostSingleScan)
C:\Program Files (x86)\Cypress\PSoC Creator\4.4\PSoC Creator\psoc\content\CyComponentLibrary\CyComponentLibrary.cylib\CapSense_P4_v7_0\PSoC4\Library\Capsense_P4Library_GCC.a(CapSense_SmartSense_LL.o)
                              .\CortexM0\ARM_GCC_541\Debug\KOJUKEI_20241030.a(CapSense_Sensing.o) (SmartSense_TunePrescalers)
c:/program files (x86)/cypress/psoc creator/4.4/psoc creator/import/gnu/arm/5.4.1/bin/../lib/gcc/arm-none-eabi/5.4.1/armv6-m\libgcc.a(_udivsi3.o)
                              .\CortexM0\ARM_GCC_541\Debug\KOJUKEI_20241030.a(CapSense_Sensing.o) (__aeabi_uidiv)
c:/program files (x86)/cypress/psoc creator/4.4/psoc creator/import/gnu/arm/5.4.1/bin/../lib/gcc/arm-none-eabi/5.4.1/armv6-m\libgcc.a(_divsi3.o)
                              .\CortexM0\ARM_GCC_541\Debug\KOJUKEI_20241030.a(CapSense_Centroid_LL.o) (__aeabi_idiv)
c:/program files (x86)/cypress/psoc creator/4.4/psoc creator/import/gnu/arm/5.4.1/bin/../lib/gcc/arm-none-eabi/5.4.1/armv6-m\libgcc.a(_dvmd_tls.o)
                              c:/program files (x86)/cypress/psoc creator/4.4/psoc creator/import/gnu/arm/5.4.1/bin/../lib/gcc/arm-none-eabi/5.4.1/armv6-m\libgcc.a(_udivsi3.o) (__aeabi_idiv0)
c:/program files (x86)/cypress/psoc creator/4.4/psoc creator/import/gnu/arm/5.4.1/bin/../lib/gcc/arm-none-eabi/5.4.1/../../../../arm-none-eabi/lib/armv6-m\libg_nano.a(lib_a-errno.o)
                              .\CortexM0\ARM_GCC_541\Debug\Cm0Start.o (__errno)
c:/program files (x86)/cypress/psoc creator/4.4/psoc creator/import/gnu/arm/5.4.1/bin/../lib/gcc/arm-none-eabi/5.4.1/../../../../arm-none-eabi/lib/armv6-m\libg_nano.a(lib_a-exit.o)
[...]
Memory Configuration

Name             Origin             Length             Attributes
rom              0x00000000         0x00008000         xr
ram              0x20000000         0x00001000         xrw
*default*        0x00000000         0xffffffff

Linker script and memory map

LOAD c:/program files (x86)/cypress/psoc creator/4.4/psoc creator/import/gnu/arm/5.4.1/bin/../lib/gcc/arm-none-eabi/5.4.1/armv6-m/crti.o
LOAD c:/program files (x86)/cypress/psoc creator/4.4/psoc creator/import/gnu/arm/5.4.1/bin/../lib/gcc/arm-none-eabi/5.4.1/armv6-m/crtbegin.o
LOAD c:/program files (x86)/cypress/psoc creator/4.4/psoc creator/import/gnu/arm/5.4.1/bin/../lib/gcc/arm-none-eabi/5.4.1/../../../../arm-none-eabi/lib/armv6-m/crt0.o
START GROUP
LOAD .\CortexM0\ARM_GCC_541\Debug\main.o
LOAD .\CortexM0\ARM_GCC_541\Debug\cyfitter_cfg.o
LOAD .\CortexM0\ARM_GCC_541\Debug\cymetadata.o
LOAD .\CortexM0\ARM_GCC_541\Debug\Cm0Start.o
LOAD .\CortexM0\ARM_GCC_541\Debug\KOJUKEI_20241030.a
LOAD C:\Program Files (x86)\Cypress\PSoC Creator\4.4\PSoC Creator\psoc\content\CyComponentLibrary\CyComponentLibrary.cylib\CapSense_P4_v7_0\PSoC4\Library\Capsense_P4Library_GCC.a
END GROUP
START GROUP
LOAD c:/program files (x86)/cypress/psoc creator/4.4/psoc creator/import/gnu/arm/5.4.1/bin/../lib/gcc/arm-none-eabi/5.4.1/armv6-m\libgcc.a
LOAD c:/program files (x86)/cypress/psoc creator/4.4/psoc creator/import/gnu/arm/5.4.1/bin/../lib/gcc/arm-none-eabi/5.4.1/../../../../arm-none-eabi/lib/armv6-m\libg_nano.a
LOAD c:/program files (x86)/cypress/psoc creator/4.4/psoc creator/import/gnu/arm/5.4.1/bin/../lib/gcc/arm-none-eabi/5.4.1/../../../../arm-none-eabi/lib/armv6-m\libc_nano.a
END GROUP
START GROUP
LOAD c:/program files (x86)/cypress/psoc creator/4.4/psoc creator/import/gnu/arm/5.4.1/bin/../lib/gcc/arm-none-eabi/5.4.1/armv6-m\libgcc.a
LOAD c:/program files (x86)/cypress/psoc creator/4.4/psoc creator/import/gnu/arm/5.4.1/bin/../lib/gcc/arm-none-eabi/5.4.1/../../../../arm-none-eabi/lib/armv6-m\libc_nano.a
END GROUP
LOAD c:/program files (x86)/cypress/psoc creator/4.4/psoc creator/import/gnu/arm/5.4.1/bin/../lib/gcc/arm-none-eabi/5.4.1/armv6-m/crtend.o
LOAD c:/program files (x86)/cypress/psoc creator/4.4/psoc creator/import/gnu/arm/5.4.1/bin/../lib/gcc/arm-none-eabi/5.4.1/armv6-m/crtn.o
START GROUP
LOAD c:/program files (x86)/cypress/psoc creator/4.4/psoc creator/import/gnu/arm/5.4.1/bin/../lib/gcc/arm-none-eabi/5.4.1/armv6-m\libgcc.a
LOAD c:/program files (x86)/cypress/psoc creator/4.4/psoc creator/import/gnu/arm/5.4.1/bin/../lib/gcc/arm-none-eabi/5.4.1/../../../../arm-none-eabi/lib/armv6-m\libc.a
LOAD c:/program files (x86)/cypress/psoc creator/4.4/psoc creator/import/gnu/arm/5.4.1/bin/../lib/gcc/arm-none-eabi/5.4.1/../../../../arm-none-eabi/lib/armv6-m\libnosys.a
END GROUP
                0x00000000                CY_APPL_ORIGIN = 0x0
                0x00000080                CY_FLASH_ROW_SIZE = 0x80
                0x00000001                CY_APPL_NUM = 0x1
                0x00000001                CY_APPL_MAX = 0x1
                0x00000040                CY_METADATA_SIZE = 0x40
                0x00000000                CY_APPL_LOADABLE = 0x0
                0x00000000                CY_CHECKSUM_EXCLUDE_SIZE = ALIGN (0x0, CY_FLASH_ROW_SIZE)
                0x00000000                CY_APP_FOR_STACK_AND_COPIER = 0x0
                [!provide]                PROVIDE (__cy_heap_start, _end)
                0x00000001                PROVIDE (__cy_region_num, ((__cy_regions_end - __cy_regions) / 0x10))
                0x20001000                PROVIDE (__cy_stack, (ORIGIN (ram) + LENGTH (ram)))
                [!provide]                PROVIDE (__cy_heap_end, (__cy_stack - 0x400))

.cybootloader   0x00000000        0x0
 *(.cybootloader)
                0x00000000                appl1_start = CY_APPL_ORIGIN?CY_APPL_ORIGIN:ALIGN (CY_FLASH_ROW_SIZE)
                0x00003f80                appl2_start = (appl1_start + ALIGN ((((LENGTH (rom) - appl1_start) - (0x2 * CY_FLASH_ROW_SIZE)) / 0x2), CY_FLASH_ROW_SIZE))
                0x00000000                appl_start = (CY_APPL_NUM == 0x1)?appl1_start:appl2_start
                0x00000001                cy_project_type_bootloader = (appl_start == 0x0)?0x1:0x0
                0x00000000                cy_project_type_app_for_stack_and_copier = (CY_APP_FOR_STACK_AND_COPIER == 0x1)?0x1:0x0

.text           0x00000000     0x25ba
 CREATE_OBJECT_SYMBOLS
                0x00000000                PROVIDE (__cy_interrupt_vector, RomVectors)
 *(.romvectors)
 .romvectors    0x00000000       0x10 .\CortexM0\ARM_GCC_541\Debug\Cm0Start.o
                0x00000000                RomVectors
                0x00000001                ASSERT ((. != __cy_interrupt_vector), No interrupt vector)
                0x00000001                ASSERT (CY_APPL_ORIGIN?(SIZEOF (.cybootloader) <= CY_APPL_ORIGIN):0x1, Wrong image location)
                0x00000010                PROVIDE (__cy_reset, Reset)
 *(.text.Reset)
 .text.Reset    0x00000010        0x8 .\CortexM0\ARM_GCC_541\Debug\Cm0Start.o
                0x00000010                Reset
                0x00000001                ASSERT ((. != __cy_reset), No reset code)
 *(.psocinit)
 .psocinit      0x00000018      0x1f0 .\CortexM0\ARM_GCC_541\Debug\cyfitter_cfg.o
                0x000000d8                cyfitter_cfg
                0x00000208                . = MAX (., 0x100)
 *(.text .text.* .gnu.linkonce.t.*)
 .text          0x00000208       0x60 c:/program files (x86)/cypress/psoc creator/4.4/psoc creator/import/gnu/arm/5.4.1/bin/../lib/gcc/arm-none-eabi/5.4.1/armv6-m/crtbegin.o
 .text.main     0x00000268       0xe4 .\CortexM0\ARM_GCC_541\Debug\main.o
                0x00000268                main
 .text.cfg_write_bytes32
                0x0000034c       0x34 .\CortexM0\ARM_GCC_541\Debug\cyfitter_cfg.o
 .text.CYMEMZERO
                0x00000380        0xc .\CortexM0\ARM_GCC_541\Debug\cyfitter_cfg.o
 .text.SetAnalogRoutingPumps
                0x0000038c       0x40 .\CortexM0\ARM_GCC_541\Debug\cyfitter_cfg.o
                0x0000038c                SetAnalogRoutingPumps
 .text.AnalogSetDefault
                0x000003cc        0xc .\CortexM0\ARM_GCC_541\Debug\cyfitter_cfg.o
 .text.IntDefaultHandler
                0x000003d8       0x10 .\CortexM0\ARM_GCC_541\Debug\Cm0Start.o
                0x000003d8                IntDefaultHandler
 .text.Start_c  0x000003e8       0x48 .\CortexM0\ARM_GCC_541\Debug\Cm0Start.o
                0x000003e8                Start_c
 .text.initialize_psoc
                0x00000430       0x40 .\CortexM0\ARM_GCC_541\Debug\Cm0Start.o
                0x00000430                initialize_psoc
 .text.UART_1_ScbModePostEnable
                0x00000470        0x8 .\CortexM0\ARM_GCC_541\Debug\KOJUKEI_20241030.a(UART_1.o)
 .text.UART_1_Init
                0x00000478        0x8 .\CortexM0\ARM_GCC_541\Debug\KOJUKEI_20241030.a(UART_1.o)
                0x00000478                UART_1_Init
 .text.UART_1_Enable
                0x00000480       0x18 .\CortexM0\ARM_GCC_541\Debug\KOJUKEI_20241030.a(UART_1.o)
                0x00000480                UART_1_Enable
 .text.UART_1_Start
                0x00000498       0x20 .\CortexM0\ARM_GCC_541\Debug\KOJUKEI_20241030.a(UART_1.o)
                0x00000498                UART_1_Start
 .text.UART_1_SpiUartWriteTxData
                0x000004b8       0x1c .\CortexM0\ARM_GCC_541\Debug\KOJUKEI_20241030.a(UART_1_SPI_UART.o)
                0x000004b8                UART_1_SpiUartWriteTxData
 .text.UART_1_UartInit
                0x000004d4       0x9c .\CortexM0\ARM_GCC_541\Debug\KOJUKEI_20241030.a(UART_1_UART.o)
                0x000004d4                UART_1_UartInit
 .text.UART_1_UartPostEnable
                0x00000570       0x24 .\CortexM0\ARM_GCC_541\Debug\KOJUKEI_20241030.a(UART_1_UART.o)
                0x00000570                UART_1_UartPostEnable
 .text.CapSense_Initialize
                0x00000594       0x28 .\CortexM0\ARM_GCC_541\Debug\KOJUKEI_20241030.a(CapSense_Control.o)
                0x00000594                CapSense_Initialize
 .text.CapSense_Start
                0x000005bc       0x48 .\CortexM0\ARM_GCC_541\Debug\KOJUKEI_20241030.a(CapSense_Control.o)
                0x000005bc                CapSense_Start
 .text.CapSense_ProcessAllWidgets
                0x00000604       0x44 .\CortexM0\ARM_GCC_541\Debug\KOJUKEI_20241030.a(CapSense_Control.o)
                0x00000604                CapSense_ProcessAllWidgets
 .text.CapSense_DpInitialize
                0x00000648       0x88 .\CortexM0\ARM_GCC_541\Debug\KOJUKEI_20241030.a(CapSense_Processing.o)
                0x00000648                CapSense_DpInitialize
 .text.CapSense_DpUpdateDifferences
                0x000006d0       0x18 .\CortexM0\ARM_GCC_541\Debug\KOJUKEI_20241030.a(CapSense_Processing.o)
                0x000006d0                CapSense_DpUpdateDifferences
 .text.CapSense_DpProcessCsdWidgetRawCounts
                0x000006e8       0x68 .\CortexM0\ARM_GCC_541\Debug\KOJUKEI_20241030.a(CapSense_Processing.o)
                0x000006e8                CapSense_DpProcessCsdWidgetRawCounts
 .text.CapSense_DpProcessSlider
                0x00000750      0x1c8 .\CortexM0\ARM_GCC_541\Debug\KOJUKEI_20241030.a(CapSense_Processing.o)
                0x00000750                CapSense_DpProcessSlider
 .text.CapSense_DpProcessCsdWidgetStatus
                0x00000918       0x5c .\CortexM0\ARM_GCC_541\Debug\KOJUKEI_20241030.a(CapSense_Processing.o)
                0x00000918                CapSense_DpProcessCsdWidgetStatus
 .text.CapSense_DsInitialize
                0x00000974       0x78 .\CortexM0\ARM_GCC_541\Debug\KOJUKEI_20241030.a(CapSense_Structure.o)
                0x00000974                CapSense_DsInitialize
 .text.CapSense_GetCentroidPos
                0x000009ec       0x34 .\CortexM0\ARM_GCC_541\Debug\KOJUKEI_20241030.a(CapSense_Structure.o)
                0x000009ec                CapSense_GetCentroidPos
 .text.CapSense_TuInitialize
                0x00000a20       0x14 .\CortexM0\ARM_GCC_541\Debug\KOJUKEI_20241030.a(CapSense_Tuner.o)
                0x00000a20                CapSense_TuInitialize
 .text.CapSense_FtInitializeBaselineChannel
                0x00000a34       0x20 .\CortexM0\ARM_GCC_541\Debug\KOJUKEI_20241030.a(CapSense_Filter.o)
                0x00000a34                CapSense_FtInitializeBaselineChannel
 .text.CapSense_FtInitializeBaseline
                0x00000a54       0x20 .\CortexM0\ARM_GCC_541\Debug\KOJUKEI_20241030.a(CapSense_Filter.o)
                0x00000a54                CapSense_FtInitializeBaseline
 .text.CapSense_InitializeSensorBaseline
                0x00000a74       0x24 .\CortexM0\ARM_GCC_541\Debug\KOJUKEI_20241030.a(CapSense_Filter.o)
                0x00000a74                CapSense_InitializeSensorBaseline
 .text.CapSense_InitializeWidgetBaseline
                0x00000a98       0x28 .\CortexM0\ARM_GCC_541\Debug\KOJUKEI_20241030.a(CapSense_Filter.o)
                0x00000a98                CapSense_InitializeWidgetBaseline
 .text.CapSense_InitializeAllBaselines
                0x00000ac0       0x18 .\CortexM0\ARM_GCC_541\Debug\KOJUKEI_20241030.a(CapSense_Filter.o)
                0x00000ac0                CapSense_InitializeAllBaselines
 .text.CapSense_InitializeIIRInternal
                0x00000ad8       0x24 .\CortexM0\ARM_GCC_541\Debug\KOJUKEI_20241030.a(CapSense_Filter.o)
                0x00000ad8                CapSense_InitializeIIRInternal
 .text.CapSense_InitializeMedianInternal
                0x00000afc       0x28 .\CortexM0\ARM_GCC_541\Debug\KOJUKEI_20241030.a(CapSense_Filter.o)
                0x00000afc                CapSense_InitializeMedianInternal
 .text.CapSense_InitializeAverageInternal
                0x00000b24       0x2c .\CortexM0\ARM_GCC_541\Debug\KOJUKEI_20241030.a(CapSense_Filter.o)
                0x00000b24                CapSense_InitializeAverageInternal
 .text.CapSense_InitializeWidgetFilter
                0x00000b50       0x6c .\CortexM0\ARM_GCC_541\Debug\KOJUKEI_20241030.a(CapSense_Filter.o)
                0x00000b50                CapSense_InitializeWidgetFilter
 .text.CapSense_InitializeAllFilters
                0x00000bbc       0x18 .\CortexM0\ARM_GCC_541\Debug\KOJUKEI_20241030.a(CapSense_Filter.o)
                0x00000bbc                CapSense_InitializeAllFilters
 .text.CapSense_FtInitialize
                0x00000bd4        0x8 .\CortexM0\ARM_GCC_541\Debug\KOJUKEI_20241030.a(CapSense_Filter.o)
                0x00000bd4                CapSense_FtInitialize
 .text.CapSense_RunAverageInternal
                0x00000bdc       0x44 .\CortexM0\ARM_GCC_541\Debug\KOJUKEI_20241030.a(CapSense_Filter.o)
                0x00000bdc                CapSense_RunAverageInternal
 .text.CapSense_FtMedian
                0x00000c20       0x18 .\CortexM0\ARM_GCC_541\Debug\KOJUKEI_20241030.a(CapSense_Filter.o)
                0x00000c20                CapSense_FtMedian
 .text.CapSense_RunMedianInternal
                0x00000c38       0x54 .\CortexM0\ARM_GCC_541\Debug\KOJUKEI_20241030.a(CapSense_Filter.o)
                0x00000c38                CapSense_RunMedianInternal
 .text.CapSense_FtIIR1stOrder
                0x00000c8c       0x14 .\CortexM0\ARM_GCC_541\Debug\KOJUKEI_20241030.a(CapSense_Filter.o)
                0x00000c8c                CapSense_FtIIR1stOrder
 .text.CapSense_FtUpdateBaseline
                0x00000ca0       0x90 .\CortexM0\ARM_GCC_541\Debug\KOJUKEI_20241030.a(CapSense_Filter.o)
                0x00000ca0                CapSense_FtUpdateBaseline
 .text.CapSense_RunIIRInternal
                0x00000d30       0x44 .\CortexM0\ARM_GCC_541\Debug\KOJUKEI_20241030.a(CapSense_Filter.o)
                0x00000d30                CapSense_RunIIRInternal
 .text.CapSense_FtRunEnabledFiltersInternal
                0x00000d74       0x24 .\CortexM0\ARM_GCC_541\Debug\KOJUKEI_20241030.a(CapSense_Filter.o)
                0x00000d74                CapSense_FtRunEnabledFiltersInternal
 .text.CapSense_FtJitter
                0x00000d98       0x10 .\CortexM0\ARM_GCC_541\Debug\KOJUKEI_20241030.a(CapSense_Filter.o)
                0x00000d98                CapSense_FtJitter
 .text.CapSense_SsTrimIdacsSourcing
                0x00000da8       0x2c .\CortexM0\ARM_GCC_541\Debug\KOJUKEI_20241030.a(CapSense_Sensing.o)
 .text.CapSense_SsTrimIdacs
                0x00000dd4        0x8 .\CortexM0\ARM_GCC_541\Debug\KOJUKEI_20241030.a(CapSense_Sensing.o)
 .text.CapSense_IsBusy
                0x00000ddc       0x10 .\CortexM0\ARM_GCC_541\Debug\KOJUKEI_20241030.a(CapSense_Sensing.o)
                0x00000ddc                CapSense_IsBusy
 .text.CapSense_SetupWidget
                0x00000dec       0x40 .\CortexM0\ARM_GCC_541\Debug\KOJUKEI_20241030.a(CapSense_Sensing.o)
                0x00000dec                CapSense_SetupWidget
 .text.CapSense_Scan
                0x00000e2c       0x2c .\CortexM0\ARM_GCC_541\Debug\KOJUKEI_20241030.a(CapSense_Sensing.o)
                0x00000e2c                CapSense_Scan
 .text.CapSense_ScanAllWidgets
                0x00000e58       0x3c .\CortexM0\ARM_GCC_541\Debug\KOJUKEI_20241030.a(CapSense_Sensing.o)
                0x00000e58                CapSense_ScanAllWidgets
 .text.CapSense_SsSetAllIOsState
                0x00000e94       0x80 .\CortexM0\ARM_GCC_541\Debug\KOJUKEI_20241030.a(CapSense_Sensing.o)
                0x00000e94                CapSense_SsSetAllIOsState
 .text.CapSense_SsPostAllWidgetsScan
                0x00000f14        0x4 .\CortexM0\ARM_GCC_541\Debug\KOJUKEI_20241030.a(CapSense_Sensing.o)
                0x00000f14                CapSense_SsPostAllWidgetsScan
 .text.CapSense_SsSetModClkClockDivider
                0x00000f18       0x28 .\CortexM0\ARM_GCC_541\Debug\KOJUKEI_20241030.a(CapSense_Sensing.o)
                0x00000f18                CapSense_SsSetModClkClockDivider
 .text.CapSense_SsSetSnsClockDivider
                0x00000f40       0x28 .\CortexM0\ARM_GCC_541\Debug\KOJUKEI_20241030.a(CapSense_Sensing.o)
                0x00000f40                CapSense_SsSetSnsClockDivider
 .text.CapSense_SsCSDGetColSnsClkDivider
                0x00000f68       0x14 .\CortexM0\ARM_GCC_541\Debug\KOJUKEI_20241030.a(CapSense_Sensing.o)
                0x00000f68                CapSense_SsCSDGetColSnsClkDivider
 .text.CapSense_SsCSDCalcPrsSize
                0x00000f7c       0x28 .\CortexM0\ARM_GCC_541\Debug\KOJUKEI_20241030.a(CapSense_Sensing.o)
                0x00000f7c                CapSense_SsCSDCalcPrsSize
 .text.CapSense_SsSetWidgetSenseClkSrc
                0x00000fa4       0x14 .\CortexM0\ARM_GCC_541\Debug\KOJUKEI_20241030.a(CapSense_Sensing.o)
 .text.CapSense_SsAutoTuneWidget
                0x00000fb8      0x15c .\CortexM0\ARM_GCC_541\Debug\KOJUKEI_20241030.a(CapSense_Sensing.o)
                0x00000fb8                CapSense_SsAutoTuneWidget
 .text.CapSense_SsAutoTune
                0x00001114       0x1c .\CortexM0\ARM_GCC_541\Debug\KOJUKEI_20241030.a(CapSense_Sensing.o)
                0x00001114                CapSense_SsAutoTune
 .text.CapSense_SsInitializeSourceSenseClk
                0x00001130       0x24 .\CortexM0\ARM_GCC_541\Debug\KOJUKEI_20241030.a(CapSense_Sensing.o)
                0x00001130                CapSense_SsInitializeSourceSenseClk
 .text.CapSense_WriteBitsSafe
                0x00001154       0x1c .\CortexM0\ARM_GCC_541\Debug\KOJUKEI_20241030.a(CapSense_Sensing.o)
                0x00001154                CapSense_WriteBitsSafe
 .text.CapSense_SsCSDDisableMode
                0x00001170       0x18 .\CortexM0\ARM_GCC_541\Debug\KOJUKEI_20241030.a(CapSense_Sensing.o)
 .text.CapSense_SsSwitchSensingMode
                0x00001188       0x3c .\CortexM0\ARM_GCC_541\Debug\KOJUKEI_20241030.a(CapSense_Sensing.o)
                0x00001188                CapSense_SsSwitchSensingMode
 .text.CapSense_SsInitialize
                0x000011c4       0x2c .\CortexM0\ARM_GCC_541\Debug\KOJUKEI_20241030.a(CapSense_Sensing.o)
                0x000011c4                CapSense_SsInitialize
 .text.CapSense_SsCSDConfigIDACs
                0x000011f0       0x10 .\CortexM0\ARM_GCC_541\Debug\KOJUKEI_20241030.a(CapSense_SensingCSD_LL.o)
 .text.CapSense_SsCSDCalibrateCheck
                0x00001200       0x9c .\CortexM0\ARM_GCC_541\Debug\KOJUKEI_20241030.a(CapSense_SensingCSD_LL.o)
 .text.CapSense_SsCSDSwitchIdacGain
                0x0000129c       0x9c .\CortexM0\ARM_GCC_541\Debug\KOJUKEI_20241030.a(CapSense_SensingCSD_LL.o)
 .text.CapSense_SsCSDNormalizeIdac
                0x00001338       0xcc .\CortexM0\ARM_GCC_541\Debug\KOJUKEI_20241030.a(CapSense_SensingCSD_LL.o)
 .text.CapSense_SsCSDSetModeSnsClockDivider
                0x00001404       0x1c .\CortexM0\ARM_GCC_541\Debug\KOJUKEI_20241030.a(CapSense_SensingCSD_LL.o)
 .text.CapSense_SsCSDInitialize
                0x00001420       0x54 .\CortexM0\ARM_GCC_541\Debug\KOJUKEI_20241030.a(CapSense_SensingCSD_LL.o)
                0x00001420                CapSense_SsCSDInitialize
 .text.CapSense_SsCSDSetUpIdacs
                0x00001474       0x50 .\CortexM0\ARM_GCC_541\Debug\KOJUKEI_20241030.a(CapSense_SensingCSD_LL.o)
                0x00001474                CapSense_SsCSDSetUpIdacs
 .text.CapSense_SsCSDConfigClock
                0x000014c4       0x24 .\CortexM0\ARM_GCC_541\Debug\KOJUKEI_20241030.a(CapSense_SensingCSD_LL.o)
                0x000014c4                CapSense_SsCSDConfigClock
 .text.CapSense_SsCSDCalculateScanDuration
                0x000014e8       0x14 .\CortexM0\ARM_GCC_541\Debug\KOJUKEI_20241030.a(CapSense_SensingCSD_LL.o)
                0x000014e8                CapSense_SsCSDCalculateScanDuration
 .text.CapSense_SsCSDStartSample
                0x000014fc       0xac .\CortexM0\ARM_GCC_541\Debug\KOJUKEI_20241030.a(CapSense_SensingCSD_LL.o)
                0x000014fc                CapSense_SsCSDStartSample
 .text.CapSense_CSDScanExt
                0x000015a8       0x1c .\CortexM0\ARM_GCC_541\Debug\KOJUKEI_20241030.a(CapSense_SensingCSD_LL.o)
                0x000015a8                CapSense_CSDScanExt
 .text.CapSense_CSDConnectSns
                0x000015c4       0x34 .\CortexM0\ARM_GCC_541\Debug\KOJUKEI_20241030.a(CapSense_SensingCSD_LL.o)
                0x000015c4                CapSense_CSDConnectSns
 .text.CapSense_CSDScan
                0x000015f8       0xa4 .\CortexM0\ARM_GCC_541\Debug\KOJUKEI_20241030.a(CapSense_SensingCSD_LL.o)
                0x000015f8                CapSense_CSDScan
 .text.CapSense_SsCSDConnectSensorExt
                0x0000169c       0x24 .\CortexM0\ARM_GCC_541\Debug\KOJUKEI_20241030.a(CapSense_SensingCSD_LL.o)
                0x0000169c                CapSense_SsCSDConnectSensorExt
 .text.CapSense_CSDDisconnectSns
                0x000016c0       0x64 .\CortexM0\ARM_GCC_541\Debug\KOJUKEI_20241030.a(CapSense_SensingCSD_LL.o)
                0x000016c0                CapSense_CSDDisconnectSns
 .text.CapSense_SsCSDElectrodeCheck
                0x00001724       0x24 .\CortexM0\ARM_GCC_541\Debug\KOJUKEI_20241030.a(CapSense_SensingCSD_LL.o)
                0x00001724                CapSense_SsCSDElectrodeCheck
 .text.CapSense_CSDSetupWidget
                0x00001748       0x58 .\CortexM0\ARM_GCC_541\Debug\KOJUKEI_20241030.a(CapSense_SensingCSD_LL.o)
                0x00001748                CapSense_CSDSetupWidget
 .text.CapSense_CSDSetupWidgetExt
                0x000017a0       0x6c .\CortexM0\ARM_GCC_541\Debug\KOJUKEI_20241030.a(CapSense_SensingCSD_LL.o)
                0x000017a0                CapSense_CSDSetupWidgetExt
 .text.CapSense_SsCSDCalibrate
                0x0000180c      0x160 .\CortexM0\ARM_GCC_541\Debug\KOJUKEI_20241030.a(CapSense_SensingCSD_LL.o)
 .text.CapSense_CSDCalibrateWidget
                0x0000196c       0x74 .\CortexM0\ARM_GCC_541\Debug\KOJUKEI_20241030.a(CapSense_SensingCSD_LL.o)
                0x0000196c                CapSense_CSDCalibrateWidget
 .text.CapSense_DpFindLocalMaxSd
                0x000019e0       0xd8 .\CortexM0\ARM_GCC_541\Debug\KOJUKEI_20241030.a(CapSense_Centroid_LL.o)
                0x000019e0                CapSense_DpFindLocalMaxSd
 .text.CapSense_DpCalcLinearCentroid
                0x00001ab8       0x88 .\CortexM0\ARM_GCC_541\Debug\KOJUKEI_20241030.a(CapSense_Centroid_LL.o)
                0x00001ab8                CapSense_DpCalcLinearCentroid
 .text.CapSense_InitPosFiltersSd
                0x00001b40       0x10 .\CortexM0\ARM_GCC_541\Debug\KOJUKEI_20241030.a(CapSense_Centroid_LL.o)
                0x00001b40                CapSense_InitPosFiltersSd
 .text.LED_CONTROL_WriteCounter
                0x00001b50       0x10 .\CortexM0\ARM_GCC_541\Debug\KOJUKEI_20241030.a(LED_CONTROL.o)
                0x00001b50                LED_CONTROL_WriteCounter
 .text.LED_CONTROL_WritePeriod
                0x00001b60       0x10 .\CortexM0\ARM_GCC_541\Debug\KOJUKEI_20241030.a(LED_CONTROL.o)
                0x00001b60                LED_CONTROL_WritePeriod
 .text.LED_CONTROL_WriteCompare
                0x00001b70       0x10 .\CortexM0\ARM_GCC_541\Debug\KOJUKEI_20241030.a(LED_CONTROL.o)
                0x00001b70                LED_CONTROL_WriteCompare
 .text.LED_CONTROL_TriggerCommand
                0x00001b80       0x1c .\CortexM0\ARM_GCC_541\Debug\KOJUKEI_20241030.a(LED_CONTROL.o)
                0x00001b80                LED_CONTROL_TriggerCommand
 .text.LED_CONTROL_Enable
                0x00001b9c       0x24 .\CortexM0\ARM_GCC_541\Debug\KOJUKEI_20241030.a(LED_CONTROL.o)
                0x00001b9c                LED_CONTROL_Enable
 .text.LED_CONTROL_SetInterruptMode
                0x00001bc0        0xc .\CortexM0\ARM_GCC_541\Debug\KOJUKEI_20241030.a(LED_CONTROL.o)
                0x00001bc0                LED_CONTROL_SetInterruptMode
 .text.LED_CONTROL_Init
                0x00001bcc       0x48 .\CortexM0\ARM_GCC_541\Debug\KOJUKEI_20241030.a(LED_CONTROL.o)
                0x00001bcc                LED_CONTROL_Init
 .text.LED_CONTROL_Start
                0x00001c14       0x20 .\CortexM0\ARM_GCC_541\Debug\KOJUKEI_20241030.a(LED_CONTROL.o)
                0x00001c14                LED_CONTROL_Start
 .text.Pin_1_Write
                0x00001c34       0x18 .\CortexM0\ARM_GCC_541\Debug\KOJUKEI_20241030.a(Pin_1.o)
                0x00001c34                Pin_1_Write
 .text.CyIntEnable
                0x00001c4c       0x14 .\CortexM0\ARM_GCC_541\Debug\KOJUKEI_20241030.a(CyLib.o)
                0x00001c4c                CyIntEnable
 .text.CyHalt   0x00001c60        0x4 .\CortexM0\ARM_GCC_541\Debug\KOJUKEI_20241030.a(CyLib.o)
                0x00001c60                CyHalt
 .text.CyIntSetVector
                0x00001c64       0x24 .\CortexM0\ARM_GCC_541\Debug\KOJUKEI_20241030.a(CyLib.o)
                0x00001c64                CyIntSetVector
 .text.CyDelay  0x00001c88       0x30 .\CortexM0\ARM_GCC_541\Debug\KOJUKEI_20241030.a(CyLib.o)
                0x00001c88                CyDelay
 .text.CyDelayUs
                0x00001cb8       0x14 .\CortexM0\ARM_GCC_541\Debug\KOJUKEI_20241030.a(CyLib.o)
                0x00001cb8                CyDelayUs
 .text.CySysClkWriteImoFreq
                0x00001ccc      0x164 .\CortexM0\ARM_GCC_541\Debug\KOJUKEI_20241030.a(CyLib.o)
                0x00001ccc                CySysClkWriteImoFreq
 .text.CySysWdtLocked
                0x00001e30       0x14 .\CortexM0\ARM_GCC_541\Debug\KOJUKEI_20241030.a(CyLFClk.o)
 .text.CySysWdtLock
                0x00001e44       0x1c .\CortexM0\ARM_GCC_541\Debug\KOJUKEI_20241030.a(CyLFClk.o)
                0x00001e44                CySysWdtLock
 .text.CySysWdtUnlock
                0x00001e60       0x30 .\CortexM0\ARM_GCC_541\Debug\KOJUKEI_20241030.a(CyLFClk.o)
                0x00001e60                CySysWdtUnlock
 .text.CySysWdtClearInterrupt
                0x00001e90       0x4c .\CortexM0\ARM_GCC_541\Debug\KOJUKEI_20241030.a(CyLFClk.o)
                0x00001e90                CySysWdtClearInterrupt
 .text.CySysWdtIsr
                0x00001edc       0xa4 .\CortexM0\ARM_GCC_541\Debug\KOJUKEI_20241030.a(CyLFClk.o)
                0x00001edc                CySysWdtIsr
 .text.CapSense_ISR_SetVector
                0x00001f80        0xc .\CortexM0\ARM_GCC_541\Debug\KOJUKEI_20241030.a(CapSense_ISR.o)
                0x00001f80                CapSense_ISR_SetVector
 .text.CapSense_ISR_SetPriority
                0x00001f8c       0x20 .\CortexM0\ARM_GCC_541\Debug\KOJUKEI_20241030.a(CapSense_ISR.o)
                0x00001f8c                CapSense_ISR_SetPriority
 .text.CapSense_ISR_Enable
                0x00001fac       0x10 .\CortexM0\ARM_GCC_541\Debug\KOJUKEI_20241030.a(CapSense_ISR.o)
                0x00001fac                CapSense_ISR_Enable
 .text.CapSense_ISR_Disable
                0x00001fbc       0x10 .\CortexM0\ARM_GCC_541\Debug\KOJUKEI_20241030.a(CapSense_ISR.o)
                0x00001fbc                CapSense_ISR_Disable
 .text.CapSense_ISR_StartEx
                0x00001fcc       0x1c .\CortexM0\ARM_GCC_541\Debug\KOJUKEI_20241030.a(CapSense_ISR.o)
                0x00001fcc                CapSense_ISR_StartEx
 .text          0x00001fe8       0x24 .\CortexM0\ARM_GCC_541\Debug\KOJUKEI_20241030.a(CyBootAsmGnu.o)
                0x00001fe8                CyDelayCycles
                0x00001ffc                CyEnterCriticalSection
                0x00002004                CyExitCriticalSection
 .text.CapSense_SsCSDPostScan
                0x0000200c       0x20 .\CortexM0\ARM_GCC_541\Debug\KOJUKEI_20241030.a(CapSense_INT.o)
 .text.CapSense_SsCSDInitNextScan
                0x0000202c       0xac .\CortexM0\ARM_GCC_541\Debug\KOJUKEI_20241030.a(CapSense_INT.o)
 .text.CapSense_CSDPostSingleScan
                0x000020d8       0x44 .\CortexM0\ARM_GCC_541\Debug\KOJUKEI_20241030.a(CapSense_INT.o)
                0x000020d8                CapSense_CSDPostSingleScan
 .text.CapSense_CSDPostMultiScan
                0x0000211c       0x5c .\CortexM0\ARM_GCC_541\Debug\KOJUKEI_20241030.a(CapSense_INT.o)
                0x0000211c                CapSense_CSDPostMultiScan
 .text.SmartSense_TunePrescalers
                0x00002178       0x60 C:\Program Files (x86)\Cypress\PSoC Creator\4.4\PSoC Creator\psoc\content\CyComponentLibrary\CyComponentLibrary.cylib\CapSense_P4_v7_0\PSoC4\Library\Capsense_P4Library_GCC.a(CapSense_SmartSense_LL.o)
                0x00002178                SmartSense_TunePrescalers
 .text.SmartSense_TuneSensitivity
                0x000021d8       0x7c C:\Program Files (x86)\Cypress\PSoC Creator\4.4\PSoC Creator\psoc\content\CyComponentLibrary\CyComponentLibrary.cylib\CapSense_P4_v7_0\PSoC4\Library\Capsense_P4Library_GCC.a(CapSense_SmartSense_LL.o)
                0x000021d8                SmartSense_TuneSensitivity
 .text          0x00002254      0x114 c:/program files (x86)/cypress/psoc creator/4.4/psoc creator/import/gnu/arm/5.4.1/bin/../lib/gcc/arm-none-eabi/5.4.1/armv6-m\libgcc.a(_udivsi3.o)
                0x00002254                __aeabi_uidiv
                0x00002254                __udivsi3
                0x00002360                __aeabi_uidivmod
 .text          0x00002368      0x1d4 c:/program files (x86)/cypress/psoc creator/4.4/psoc creator/import/gnu/arm/5.4.1/bin/../lib/gcc/arm-none-eabi/5.4.1/armv6-m\libgcc.a(_divsi3.o)
                0x00002368                __divsi3
                0x00002368                __aeabi_idiv
                0x00002534                __aeabi_idivmod
 .text          0x0000253c        0x4 c:/program files (x86)/cypress/psoc creator/4.4/psoc creator/import/gnu/arm/5.4.1/bin/../lib/gcc/arm-none-eabi/5.4.1/armv6-m\libgcc.a(_dvmd_tls.o)
                0x0000253c                __aeabi_idiv0
                0x0000253c                __aeabi_ldiv0
 .text.__errno  0x00002540        0xc c:/program files (x86)/cypress/psoc creator/4.4/psoc creator/import/gnu/arm/5.4.1/bin/../lib/gcc/arm-none-eabi/5.4.1/../../../../arm-none-eabi/lib/armv6-m\libg_nano.a(lib_a-errno.o)
                0x00002540                __errno
 .text.__libc_init_array
                0x0000254c       0x4c c:/program files (x86)/cypress/psoc creator/4.4/psoc creator/import/gnu/arm/5.4.1/bin/../lib/gcc/arm-none-eabi/5.4.1/../../../../arm-none-eabi/lib/armv6-m\libg_nano.a(lib_a-init.o)
                0x0000254c                __libc_init_array
 .text.memcpy   0x00002598       0x12 c:/program files (x86)/cypress/psoc creator/4.4/psoc creator/import/gnu/arm/5.4.1/bin/../lib/gcc/arm-none-eabi/5.4.1/../../../../arm-none-eabi/lib/armv6-m\libg_nano.a(lib_a-memcpy-stub.o)
                0x00002598                memcpy
 .text.memset   0x000025aa       0x10 c:/program files (x86)/cypress/psoc creator/4.4/psoc creator/import/gnu/arm/5.4.1/bin/../lib/gcc/arm-none-eabi/5.4.1/../../../../arm-none-eabi/lib/armv6-m\libg_nano.a(lib_a-memset.o)
                0x000025aa                memset
 *(.plt)
 *(.gnu.warning)
 *(.glue_7t)
 .glue_7t       0x000025ba        0x0 linker stubs
 *(.glue_7)
 .glue_7        0x000025ba        0x0 linker stubs
 *(.vfp11_veneer)
 .vfp11_veneer  0x000025ba        0x0 linker stubs
 *(.bootloader)
 *(.ARM.extab* .gnu.linkonce.armextab.*)
 *(.gcc_except_table)

.v4_bx          0x000025bc        0x0
 .v4_bx         0x000025bc        0x0 linker stubs

.iplt           0x000025bc        0x0
 .iplt          0x000025bc        0x0 c:/program files (x86)/cypress/psoc creator/4.4/psoc creator/import/gnu/arm/5.4.1/bin/../lib/gcc/arm-none-eabi/5.4.1/armv6-m/crtbegin.o

.eh_frame_hdr
 *(.eh_frame_hdr)

.eh_frame       0x000025bc        0x4
 *(.eh_frame)
 .eh_frame      0x000025bc        0x0 c:/program files (x86)/cypress/psoc creator/4.4/psoc creator/import/gnu/arm/5.4.1/bin/../lib/gcc/arm-none-eabi/5.4.1/armv6-m/crtbegin.o
 .eh_frame      0x000025bc        0x4 c:/program files (x86)/cypress/psoc creator/4.4/psoc creator/import/gnu/arm/5.4.1/bin/../lib/gcc/arm-none-eabi/5.4.1/armv6-m/crtend.o
                [!provide]                PROVIDE (__exidx_start, .)

.ARM.exidx
 *(.ARM.exidx* .gnu.linkonce.armexidx.*)
                0x000025c0                __exidx_end = .

.rodata         0x000025c0      0x1a8
 *(.rodata .rodata.* .gnu.linkonce.r.*)
 .rodata        0x000025c0       0x58 .\CortexM0\ARM_GCC_541\Debug\cyfitter_cfg.o
 .rodata        0x00002618       0xd8 .\CortexM0\ARM_GCC_541\Debug\KOJUKEI_20241030.a(CapSense_Structure.o)
                0x00002618                CapSense_ramIdacInit
                0x00002620                CapSense_dsFlash
                0x0000264c                CapSense_ramWidgetInit
                0x00002664                CapSense_ioList
 .rodata        0x000026f0       0x11 .\CortexM0\ARM_GCC_541\Debug\KOJUKEI_20241030.a(CapSense_Sensing.o)
                0x000026f0                CapSense_idacGainTable
                0x00002700                CapSense_scanFreqIndex
 *fill*         0x00002701        0x3 
 .rodata        0x00002704       0x2e .\CortexM0\ARM_GCC_541\Debug\KOJUKEI_20241030.a(CyLib.o)
                0x00002704                cyImoFreqMhz2Reg
 .rodata.str1.1
                0x00002732        0x2 c:/program files (x86)/cypress/psoc creator/4.4/psoc creator/import/gnu/arm/5.4.1/bin/../lib/gcc/arm-none-eabi/5.4.1/../../../../arm-none-eabi/lib/armv6-m\libg_nano.a(lib_a-impure.o)
                0x00002734                . = ALIGN (0x4)
 *(.init)
 .init          0x00002734        0x4 c:/program files (x86)/cypress/psoc creator/4.4/psoc creator/import/gnu/arm/5.4.1/bin/../lib/gcc/arm-none-eabi/5.4.1/armv6-m/crti.o
                0x00002734                _init
 .init          0x00002738        0x8 c:/program files (x86)/cypress/psoc creator/4.4/psoc creator/import/gnu/arm/5.4.1/bin/../lib/gcc/arm-none-eabi/5.4.1/armv6-m/crtn.o
                0x00002740                . = ALIGN (0x4)
                0x00002740                __preinit_array_start = .
 *(.preinit_array)
                0x00002740                __preinit_array_end = .
                0x00002740                . = ALIGN (0x4)
                0x00002740                __init_array_start = .
 *(SORT(.init_array.*))
 *(.init_array)
 .init_array    0x00002740        0x4 c:/program files (x86)/cypress/psoc creator/4.4/psoc creator/import/gnu/arm/5.4.1/bin/../lib/gcc/arm-none-eabi/5.4.1/armv6-m/crtbegin.o
 .init_array    0x00002744        0x4 .\CortexM0\ARM_GCC_541\Debug\Cm0Start.o
                0x00002748                __init_array_end = .
                0x00002748                . = ALIGN (0x4)
 *(.fini)
 .fini          0x00002748        0x4 c:/program files (x86)/cypress/psoc creator/4.4/psoc creator/import/gnu/arm/5.4.1/bin/../lib/gcc/arm-none-eabi/5.4.1/armv6-m/crti.o
                0x00002748                _fini
 .fini          0x0000274c        0x8 c:/program files (x86)/cypress/psoc creator/4.4/psoc creator/import/gnu/arm/5.4.1/bin/../lib/gcc/arm-none-eabi/5.4.1/armv6-m/crtn.o
                0x00002754                . = ALIGN (0x4)
                0x00002754                __fini_array_start = .
 *(.fini_array)
 .fini_array    0x00002754        0x4 c:/program files (x86)/cypress/psoc creator/4.4/psoc creator/import/gnu/arm/5.4.1/bin/../lib/gcc/arm-none-eabi/5.4.1/armv6-m/crtbegin.o
 *(SORT(.fini_array.*))
                0x00002758                __fini_array_end = .
                0x00002758                . = ALIGN (0x4)
 *crtbegin.o(.ctors)
 *(EXCLUDE_FILE(*crtend.o) .ctors)
 *(SORT(.ctors.*))
 *crtend.o(.ctors)
                0x00002758                . = ALIGN (0x4)
 *crtbegin.o(.dtors)
 *(EXCLUDE_FILE(*crtend.o) .dtors)
 *(SORT(.dtors.*))
 *crtend.o(.dtors)
                0x00002758                . = ALIGN (0x4)
                0x00002758                __cy_regions = .
                0x00002758        0x4 LONG 0x2768 __cy_region_init_ram
                0x0000275c        0x4 LONG 0x200000c0 __cy_region_start_data
                0x00002760        0x4 LONG 0x88 __cy_region_init_size_ram
                0x00002764        0x4 LONG 0x138 __cy_region_zero_size_ram
                0x00002768                __cy_regions_end = .
                0x00002768                . = ALIGN (0x8)
                0x00002768                _etext = .

.cy_checksum_exclude
                0x00002768        0x0
 *(.cy_checksum_exclude)

.ramvectors     0x20000000       0xc0
                0x20000000                __cy_region_start_ram = .
 *(.ramvectors)
 .ramvectors    0x20000000       0xc0 .\CortexM0\ARM_GCC_541\Debug\Cm0Start.o
                0x20000000                CyRamVectors

.noinit
 *(.noinit)

.data           0x200000c0       0x88 load address 0x00002768
                0x200000c0                __cy_region_start_data = .
 *(.jcr)
 .jcr           0x200000c0        0x0 c:/program files (x86)/cypress/psoc creator/4.4/psoc creator/import/gnu/arm/5.4.1/bin/../lib/gcc/arm-none-eabi/5.4.1/armv6-m/crtbegin.o
 .jcr           0x200000c0        0x4 c:/program files (x86)/cypress/psoc creator/4.4/psoc creator/import/gnu/arm/5.4.1/bin/../lib/gcc/arm-none-eabi/5.4.1/armv6-m/crtend.o
 *(.got.plt)
 *(.got)
 *(.shdata)
 *(.data .data.* .gnu.linkonce.d.*)
 .data          0x200000c4        0x8 .\CortexM0\ARM_GCC_541\Debug\KOJUKEI_20241030.a(CapSense_SensingCSD_LL.o)
                0x200000c4                CapSense_configCsd
 .data          0x200000cc       0x14 .\CortexM0\ARM_GCC_541\Debug\KOJUKEI_20241030.a(CyLib.o)
                0x200000cc                CySysClkPumpConfig
                0x200000d0                cydelay32kMs
                0x200000d4                cydelayFreqKhz
                0x200000d8                cydelayFreqMhz
                0x200000dc                cydelayFreqHz
 .data          0x200000e0        0x4 .\CortexM0\ARM_GCC_541\Debug\KOJUKEI_20241030.a(CyLFClk.o)
 .data.impure_data
                0x200000e4       0x60 c:/program files (x86)/cypress/psoc creator/4.4/psoc creator/import/gnu/arm/5.4.1/bin/../lib/gcc/arm-none-eabi/5.4.1/../../../../arm-none-eabi/lib/armv6-m\libg_nano.a(lib_a-impure.o)
 .data._impure_ptr
                0x20000144        0x4 c:/program files (x86)/cypress/psoc creator/4.4/psoc creator/import/gnu/arm/5.4.1/bin/../lib/gcc/arm-none-eabi/5.4.1/../../../../arm-none-eabi/lib/armv6-m\libg_nano.a(lib_a-impure.o)
                0x20000144                _impure_ptr
                0x20000148                . = ALIGN (0x8)
 *(.ram)
                0x20000148                _edata = .

.igot.plt       0x20000148        0x0 load address 0x000027f0
 .igot.plt      0x20000148        0x0 c:/program files (x86)/cypress/psoc creator/4.4/psoc creator/import/gnu/arm/5.4.1/bin/../lib/gcc/arm-none-eabi/5.4.1/armv6-m/crtbegin.o

.bss            0x20000148      0x138 load address 0x000027f0
                0x20000148                PROVIDE (__bss_start__, .)
 *(.shbss)
 *(.bss .bss.* .gnu.linkonce.b.*)
 .bss           0x20000148       0x1c c:/program files (x86)/cypress/psoc creator/4.4/psoc creator/import/gnu/arm/5.4.1/bin/../lib/gcc/arm-none-eabi/5.4.1/armv6-m/crtbegin.o
 .bss           0x20000164        0x4 .\CortexM0\ARM_GCC_541\Debug\main.o
                0x20000164                slider_pos
 .bss           0x20000168        0x4 .\CortexM0\ARM_GCC_541\Debug\KOJUKEI_20241030.a(UART_1.o)
                0x20000168                UART_1_initVar
                0x2000016a                UART_1_IntrTxMask
 .bss           0x2000016c        0x1 .\CortexM0\ARM_GCC_541\Debug\KOJUKEI_20241030.a(CapSense_Control.o)
 *fill*         0x2000016d        0x3 
 .bss           0x20000170       0x49 .\CortexM0\ARM_GCC_541\Debug\KOJUKEI_20241030.a(CapSense_Structure.o)
 *fill*         0x200001b9        0x3 
 .bss           0x200001bc        0x4 .\CortexM0\ARM_GCC_541\Debug\KOJUKEI_20241030.a(CapSense_Tuner.o)
 .bss           0x200001c0        0x4 .\CortexM0\ARM_GCC_541\Debug\KOJUKEI_20241030.a(CapSense_Sensing.o)
                0x200001c0                CapSense_currentSenseMethod
                0x200001c1                CapSense_requestScanAllWidget
                0x200001c2                CapSense_sensorIndex
                0x200001c3                CapSense_widgetIndex
 .bss           0x200001c4        0x1 .\CortexM0\ARM_GCC_541\Debug\KOJUKEI_20241030.a(CapSense_SensingCSD_LL.o)
 *fill*         0x200001c5        0x3 
 .bss           0x200001c8        0xe .\CortexM0\ARM_GCC_541\Debug\KOJUKEI_20241030.a(CapSense_Centroid_LL.o)
 .bss           0x200001d6        0x1 .\CortexM0\ARM_GCC_541\Debug\KOJUKEI_20241030.a(LED_CONTROL.o)
                0x200001d6                LED_CONTROL_initVar
 *fill*         0x200001d7        0x1 
 .bss           0x200001d8       0x20 .\CortexM0\ARM_GCC_541\Debug\KOJUKEI_20241030.a(CyLFClk.o)
 *(COMMON)
 COMMON         0x200001f8       0x10 .\CortexM0\ARM_GCC_541\Debug\main.o
                0x200001f8                slider_start_pos
                0x200001fc                prev_sensor
                0x20000200                current_sensor
                0x20000204                bright
 COMMON         0x20000208       0x70 .\CortexM0\ARM_GCC_541\Debug\KOJUKEI_20241030.a(CapSense_Structure.o)
                0x20000208                CapSense_dsRam
 COMMON         0x20000278        0x8 .\CortexM0\ARM_GCC_541\Debug\KOJUKEI_20241030.a(CapSense_Sensing.o)
                0x20000278                CapSense_curRamSnsPtr
                0x2000027c                CapSense_curSnsIOPtr
                0x20000280                . = ALIGN (0x8)
 *(.ram.b)
                0x20000280                _end = .
                0x20000280                __end = .
                0x20000280                PROVIDE (end, .)
                0x20000280                PROVIDE (__bss_end__, .)
                0x00002768                __cy_region_init_ram = LOADADDR (.data)
                0x00000088                __cy_region_init_size_ram = (_edata - ADDR (.data))
                0x00000138                __cy_region_zero_size_ram = (_end - _edata)

.heap           0x20000280       0x80 load address 0x000027f0
                0x20000280                . = _end
                0x20000300                . = (. + 0x80)
 *fill*         0x20000280       0x80 
                0x20000300                __cy_heap_limit = .

.stack          0x20000c00      0x400
                0x20000c00                __cy_stack_limit = .
                0x20001000                . = (. + 0x400)
 *fill*         0x20000c00      0x400 
                0x00000001                ASSERT ((__cy_stack_limit >= __cy_heap_limit), region RAM overflowed with stack)
                0x00000000                cy_checksum_exclude_size = (CY_APPL_LOADABLE == 0x1)?SIZEOF (.cy_checksum_exclude):0x0
                0x00000001                ASSERT ((cy_checksum_exclude_size <= CY_CHECKSUM_EXCLUDE_SIZE), CY_BOOT: Section .cy_checksum_exclude size exceedes specified limit.)
                0x00007fc0                cyloadermeta_start = (cy_project_type_bootloader || cy_project_type_app_for_stack_and_copier)?(LENGTH (rom) - CY_METADATA_SIZE):0xf0000000

.cyloadermeta
 *(.cyloadermeta)
                0x00007fc0                cyloadablemeta_start = cy_project_type_app_for_stack_and_copier?((LENGTH (rom) - CY_FLASH_ROW_SIZE) - CY_METADATA_SIZE):((LENGTH (rom) - (CY_FLASH_ROW_SIZE * (CY_APPL_NUM - 0x1))) - CY_METADATA_SIZE)

.cyloadablemeta
 *(.cyloadablemeta)

.cyflashprotect
                0x90400000       0x20
 *(.cyflashprotect)
 .cyflashprotect
                0x90400000       0x20 .\CortexM0\ARM_GCC_541\Debug\cymetadata.o
                0x90400000                cy_meta_flashprotect

.cymeta         0x90500000        0xc
 *(.cymeta)
 .cymeta        0x90500000        0xc .\CortexM0\ARM_GCC_541\Debug\cymetadata.o
                0x90500000                cy_metadata

.cychipprotect  0x90600000        0x1
 *(.cychipprotect)
 .cychipprotect
                0x90600000        0x1 .\CortexM0\ARM_GCC_541\Debug\cymetadata.o
                0x90600000                cy_meta_chipprotect

.rel.dyn        0x000027f0        0x0 load address 0x90600004
 .rel.iplt      0x000027f0        0x0 c:/program files (x86)/cypress/psoc creator/4.4/psoc creator/import/gnu/arm/5.4.1/bin/../lib/gcc/arm-none-eabi/5.4.1/armv6-m/crtbegin.o

.stab
 *(.stab)

.stabstr
 *(.stabstr)

.debug
 *(.debug)

.line
 *(.line)

.debug_srcinfo
 *(.debug_srcinfo)

.debug_sfnames
 *(.debug_sfnames)

.debug_aranges  0x00000000      0xb68
 *(.debug_aranges)
 .debug_aranges
                0x00000000       0x20 .\CortexM0\ARM_GCC_541\Debug\main.o
 .debug_aranges
                0x00000020       0x48 .\CortexM0\ARM_GCC_541\Debug\cyfitter_cfg.o
 .debug_aranges
                0x00000068       0x18 .\CortexM0\ARM_GCC_541\Debug\cymetadata.o
 .debug_aranges
                0x00000080       0x48 .\CortexM0\ARM_GCC_541\Debug\Cm0Start.o
 .debug_aranges
                0x000000c8       0x60 .\CortexM0\ARM_GCC_541\Debug\KOJUKEI_20241030.a(UART_1.o)
 .debug_aranges
                0x00000128       0x60 .\CortexM0\ARM_GCC_541\Debug\KOJUKEI_20241030.a(UART_1_SPI_UART.o)
 .debug_aranges
                0x00000188       0x68 .\CortexM0\ARM_GCC_541\Debug\KOJUKEI_20241030.a(UART_1_UART.o)
 .debug_aranges
                0x000001f0       0x68 .\CortexM0\ARM_GCC_541\Debug\KOJUKEI_20241030.a(CapSense_Control.o)
 .debug_aranges
                0x00000258       0x48 .\CortexM0\ARM_GCC_541\Debug\KOJUKEI_20241030.a(CapSense_Processing.o)
 .debug_aranges
                0x000002a0       0x58 .\CortexM0\ARM_GCC_541\Debug\KOJUKEI_20241030.a(CapSense_Structure.o)
 .debug_aranges
                0x000002f8       0x28 .\CortexM0\ARM_GCC_541\Debug\KOJUKEI_20241030.a(CapSense_Tuner.o)
 .debug_aranges
                0x00000320      0x100 .\CortexM0\ARM_GCC_541\Debug\KOJUKEI_20241030.a(CapSense_Filter.o)
 .debug_aranges
                0x00000420      0x100 .\CortexM0\ARM_GCC_541\Debug\KOJUKEI_20241030.a(CapSense_Sensing.o)
 .debug_aranges
                0x00000520       0xc0 .\CortexM0\ARM_GCC_541\Debug\KOJUKEI_20241030.a(CapSense_SensingCSD_LL.o)
 .debug_aranges
                0x000005e0       0x30 .\CortexM0\ARM_GCC_541\Debug\KOJUKEI_20241030.a(CapSense_Centroid_LL.o)
 .debug_aranges
                0x00000610      0x158 .\CortexM0\ARM_GCC_541\Debug\KOJUKEI_20241030.a(LED_CONTROL.o)
 .debug_aranges
                0x00000768       0x48 .\CortexM0\ARM_GCC_541\Debug\KOJUKEI_20241030.a(Pin_1.o)
 .debug_aranges
                0x000007b0      0x180 .\CortexM0\ARM_GCC_541\Debug\KOJUKEI_20241030.a(CyLib.o)
 .debug_aranges
                0x00000930      0x138 .\CortexM0\ARM_GCC_541\Debug\KOJUKEI_20241030.a(CyLFClk.o)
 .debug_aranges
                0x00000a68       0x80 .\CortexM0\ARM_GCC_541\Debug\KOJUKEI_20241030.a(CapSense_ISR.o)
 .debug_aranges
                0x00000ae8       0x20 .\CortexM0\ARM_GCC_541\Debug\KOJUKEI_20241030.a(CyBootAsmGnu.o)
 .debug_aranges
                0x00000b08       0x38 .\CortexM0\ARM_GCC_541\Debug\KOJUKEI_20241030.a(CapSense_INT.o)
 .debug_aranges
                0x00000b40       0x28 C:\Program Files (x86)\Cypress\PSoC Creator\4.4\PSoC Creator\psoc\content\CyComponentLibrary\CyComponentLibrary.cylib\CapSense_P4_v7_0\PSoC4\Library\Capsense_P4Library_GCC.a(CapSense_SmartSense_LL.o)

.debug_pubnames
 *(.debug_pubnames)

.debug_info     0x00000000     0xa62c
 *(.debug_info .gnu.linkonce.wi.*)
 .debug_info    0x00000000      0x298 .\CortexM0\ARM_GCC_541\Debug\main.o
 .debug_info    0x00000298      0x404 .\CortexM0\ARM_GCC_541\Debug\cyfitter_cfg.o
 .debug_info    0x0000069c       0xf8 .\CortexM0\ARM_GCC_541\Debug\cymetadata.o
 .debug_info    0x00000794      0x3a2 .\CortexM0\ARM_GCC_541\Debug\Cm0Start.o
 .debug_info    0x00000b36      0x24c .\CortexM0\ARM_GCC_541\Debug\KOJUKEI_20241030.a(UART_1.o)
 .debug_info    0x00000d82      0x220 .\CortexM0\ARM_GCC_541\Debug\KOJUKEI_20241030.a(UART_1_SPI_UART.o)
 .debug_info    0x00000fa2      0x310 .\CortexM0\ARM_GCC_541\Debug\KOJUKEI_20241030.a(UART_1_UART.o)
 .debug_info    0x000012b2      0xa56 .\CortexM0\ARM_GCC_541\Debug\KOJUKEI_20241030.a(CapSense_Control.o)
 .debug_info    0x00001d08      0xd88 .\CortexM0\ARM_GCC_541\Debug\KOJUKEI_20241030.a(CapSense_Processing.o)
 .debug_info    0x00002a90      0xbf1 .\CortexM0\ARM_GCC_541\Debug\KOJUKEI_20241030.a(CapSense_Structure.o)
 .debug_info    0x00003681      0x63e .\CortexM0\ARM_GCC_541\Debug\KOJUKEI_20241030.a(CapSense_Tuner.o)
 .debug_info    0x00003cbf     0x100a .\CortexM0\ARM_GCC_541\Debug\KOJUKEI_20241030.a(CapSense_Filter.o)
 .debug_info    0x00004cc9     0x13f5 .\CortexM0\ARM_GCC_541\Debug\KOJUKEI_20241030.a(CapSense_Sensing.o)
 .debug_info    0x000060be     0x1205 .\CortexM0\ARM_GCC_541\Debug\KOJUKEI_20241030.a(CapSense_SensingCSD_LL.o)
 .debug_info    0x000072c3      0x360 .\CortexM0\ARM_GCC_541\Debug\KOJUKEI_20241030.a(CapSense_Centroid_LL.o)
 .debug_info    0x00007623      0x909 .\CortexM0\ARM_GCC_541\Debug\KOJUKEI_20241030.a(LED_CONTROL.o)
 .debug_info    0x00007f2c      0x19d .\CortexM0\ARM_GCC_541\Debug\KOJUKEI_20241030.a(Pin_1.o)
 .debug_info    0x000080c9      0xaed .\CortexM0\ARM_GCC_541\Debug\KOJUKEI_20241030.a(CyLib.o)
 .debug_info    0x00008bb6      0xcfe .\CortexM0\ARM_GCC_541\Debug\KOJUKEI_20241030.a(CyLFClk.o)
 .debug_info    0x000098b4      0x305 .\CortexM0\ARM_GCC_541\Debug\KOJUKEI_20241030.a(CapSense_ISR.o)
 .debug_info    0x00009bb9       0xa1 .\CortexM0\ARM_GCC_541\Debug\KOJUKEI_20241030.a(CyBootAsmGnu.o)
 .debug_info    0x00009c5a      0x776 .\CortexM0\ARM_GCC_541\Debug\KOJUKEI_20241030.a(CapSense_INT.o)
 .debug_info    0x0000a3d0      0x25c C:\Program Files (x86)\Cypress\PSoC Creator\4.4\PSoC Creator\psoc\content\CyComponentLibrary\CyComponentLibrary.cylib\CapSense_P4_v7_0\PSoC4\Library\Capsense_P4Library_GCC.a(CapSense_SmartSense_LL.o)

.debug_abbrev   0x00000000     0x21c8
 *(.debug_abbrev)
 .debug_abbrev  0x00000000       0xd0 .\CortexM0\ARM_GCC_541\Debug\main.o
 .debug_abbrev  0x000000d0      0x1cf .\CortexM0\ARM_GCC_541\Debug\cyfitter_cfg.o
 .debug_abbrev  0x0000029f       0x5d .\CortexM0\ARM_GCC_541\Debug\cymetadata.o
 .debug_abbrev  0x000002fc      0x1d7 .\CortexM0\ARM_GCC_541\Debug\Cm0Start.o
 .debug_abbrev  0x000004d3       0xed .\CortexM0\ARM_GCC_541\Debug\KOJUKEI_20241030.a(UART_1.o)
 .debug_abbrev  0x000005c0      0x14f .\CortexM0\ARM_GCC_541\Debug\KOJUKEI_20241030.a(UART_1_SPI_UART.o)
 .debug_abbrev  0x0000070f      0x123 .\CortexM0\ARM_GCC_541\Debug\KOJUKEI_20241030.a(UART_1_UART.o)
 .debug_abbrev  0x00000832      0x1fc .\CortexM0\ARM_GCC_541\Debug\KOJUKEI_20241030.a(CapSense_Control.o)
 .debug_abbrev  0x00000a2e      0x22a .\CortexM0\ARM_GCC_541\Debug\KOJUKEI_20241030.a(CapSense_Processing.o)
 .debug_abbrev  0x00000c58      0x1f0 .\CortexM0\ARM_GCC_541\Debug\KOJUKEI_20241030.a(CapSense_Structure.o)
 .debug_abbrev  0x00000e48      0x157 .\CortexM0\ARM_GCC_541\Debug\KOJUKEI_20241030.a(CapSense_Tuner.o)
 .debug_abbrev  0x00000f9f      0x245 .\CortexM0\ARM_GCC_541\Debug\KOJUKEI_20241030.a(CapSense_Filter.o)
 .debug_abbrev  0x000011e4      0x22a .\CortexM0\ARM_GCC_541\Debug\KOJUKEI_20241030.a(CapSense_Sensing.o)
 .debug_abbrev  0x0000140e      0x28b .\CortexM0\ARM_GCC_541\Debug\KOJUKEI_20241030.a(CapSense_SensingCSD_LL.o)
 .debug_abbrev  0x00001699      0x11a .\CortexM0\ARM_GCC_541\Debug\KOJUKEI_20241030.a(CapSense_Centroid_LL.o)
 .debug_abbrev  0x000017b3      0x119 .\CortexM0\ARM_GCC_541\Debug\KOJUKEI_20241030.a(LED_CONTROL.o)
 .debug_abbrev  0x000018cc       0xc8 .\CortexM0\ARM_GCC_541\Debug\KOJUKEI_20241030.a(Pin_1.o)
 .debug_abbrev  0x00001994      0x1d3 .\CortexM0\ARM_GCC_541\Debug\KOJUKEI_20241030.a(CyLib.o)
 .debug_abbrev  0x00001b67      0x210 .\CortexM0\ARM_GCC_541\Debug\KOJUKEI_20241030.a(CyLFClk.o)
 .debug_abbrev  0x00001d77      0x19a .\CortexM0\ARM_GCC_541\Debug\KOJUKEI_20241030.a(CapSense_ISR.o)
 .debug_abbrev  0x00001f11       0x14 .\CortexM0\ARM_GCC_541\Debug\KOJUKEI_20241030.a(CyBootAsmGnu.o)
 .debug_abbrev  0x00001f25      0x17f .\CortexM0\ARM_GCC_541\Debug\KOJUKEI_20241030.a(CapSense_INT.o)
 .debug_abbrev  0x000020a4      0x124 C:\Program Files (x86)\Cypress\PSoC Creator\4.4\PSoC Creator\psoc\content\CyComponentLibrary\CyComponentLibrary.cylib\CapSense_P4_v7_0\PSoC4\Library\Capsense_P4Library_GCC.a(CapSense_SmartSense_LL.o)

.debug_line     0x00000000     0x31a9
 *(.debug_line)
 .debug_line    0x00000000      0x138 .\CortexM0\ARM_GCC_541\Debug\main.o
 .debug_line    0x00000138      0x19e .\CortexM0\ARM_GCC_541\Debug\cyfitter_cfg.o
 .debug_line    0x000002d6      0x141 .\CortexM0\ARM_GCC_541\Debug\cymetadata.o
 .debug_line    0x00000417      0x235 .\CortexM0\ARM_GCC_541\Debug\Cm0Start.o
 .debug_line    0x0000064c      0x12b .\CortexM0\ARM_GCC_541\Debug\KOJUKEI_20241030.a(UART_1.o)
 .debug_line    0x00000777      0x11c .\CortexM0\ARM_GCC_541\Debug\KOJUKEI_20241030.a(UART_1_SPI_UART.o)
 .debug_line    0x00000893      0x173 .\CortexM0\ARM_GCC_541\Debug\KOJUKEI_20241030.a(UART_1_UART.o)
 .debug_line    0x00000a06      0x229 .\CortexM0\ARM_GCC_541\Debug\KOJUKEI_20241030.a(CapSense_Control.o)
 .debug_line    0x00000c2f      0x271 .\CortexM0\ARM_GCC_541\Debug\KOJUKEI_20241030.a(CapSense_Processing.o)
 .debug_line    0x00000ea0      0x1e4 .\CortexM0\ARM_GCC_541\Debug\KOJUKEI_20241030.a(CapSense_Structure.o)
 .debug_line    0x00001084      0x11c .\CortexM0\ARM_GCC_541\Debug\KOJUKEI_20241030.a(CapSense_Tuner.o)
 .debug_line    0x000011a0      0x3d5 .\CortexM0\ARM_GCC_541\Debug\KOJUKEI_20241030.a(CapSense_Filter.o)
 .debug_line    0x00001575      0x5ff .\CortexM0\ARM_GCC_541\Debug\KOJUKEI_20241030.a(CapSense_Sensing.o)
 .debug_line    0x00001b74      0x457 .\CortexM0\ARM_GCC_541\Debug\KOJUKEI_20241030.a(CapSense_SensingCSD_LL.o)
 .debug_line    0x00001fcb      0x14b .\CortexM0\ARM_GCC_541\Debug\KOJUKEI_20241030.a(CapSense_Centroid_LL.o)
 .debug_line    0x00002116      0x384 .\CortexM0\ARM_GCC_541\Debug\KOJUKEI_20241030.a(LED_CONTROL.o)
 .debug_line    0x0000249a       0xbd .\CortexM0\ARM_GCC_541\Debug\KOJUKEI_20241030.a(Pin_1.o)
 .debug_line    0x00002557      0x460 .\CortexM0\ARM_GCC_541\Debug\KOJUKEI_20241030.a(CyLib.o)
 .debug_line    0x000029b7      0x466 .\CortexM0\ARM_GCC_541\Debug\KOJUKEI_20241030.a(CyLFClk.o)
 .debug_line    0x00002e1d      0x158 .\CortexM0\ARM_GCC_541\Debug\KOJUKEI_20241030.a(CapSense_ISR.o)
 .debug_line    0x00002f75       0x69 .\CortexM0\ARM_GCC_541\Debug\KOJUKEI_20241030.a(CyBootAsmGnu.o)
 .debug_line    0x00002fde      0x12b .\CortexM0\ARM_GCC_541\Debug\KOJUKEI_20241030.a(CapSense_INT.o)
 .debug_line    0x00003109       0xa0 C:\Program Files (x86)\Cypress\PSoC Creator\4.4\PSoC Creator\psoc\content\CyComponentLibrary\CyComponentLibrary.cylib\CapSense_P4_v7_0\PSoC4\Library\Capsense_P4Library_GCC.a(CapSense_SmartSense_LL.o)

.debug_frame    0x00000000     0x1ff4
 *(.debug_frame)
 .debug_frame   0x00000000       0x2c .\CortexM0\ARM_GCC_541\Debug\main.o
 .debug_frame   0x0000002c       0xb8 .\CortexM0\ARM_GCC_541\Debug\cyfitter_cfg.o
 .debug_frame   0x000000e4       0xbc .\CortexM0\ARM_GCC_541\Debug\Cm0Start.o
 .debug_frame   0x000001a0       0xe8 .\CortexM0\ARM_GCC_541\Debug\KOJUKEI_20241030.a(UART_1.o)
 .debug_frame   0x00000288       0xb0 .\CortexM0\ARM_GCC_541\Debug\KOJUKEI_20241030.a(UART_1_SPI_UART.o)
 .debug_frame   0x00000338       0xf4 .\CortexM0\ARM_GCC_541\Debug\KOJUKEI_20241030.a(UART_1_UART.o)
 .debug_frame   0x0000042c      0x130 .\CortexM0\ARM_GCC_541\Debug\KOJUKEI_20241030.a(CapSense_Control.o)
 .debug_frame   0x0000055c       0xfc .\CortexM0\ARM_GCC_541\Debug\KOJUKEI_20241030.a(CapSense_Processing.o)
 .debug_frame   0x00000658       0xd0 .\CortexM0\ARM_GCC_541\Debug\KOJUKEI_20241030.a(CapSense_Structure.o)
 .debug_frame   0x00000728       0x40 .\CortexM0\ARM_GCC_541\Debug\KOJUKEI_20241030.a(CapSense_Tuner.o)
 .debug_frame   0x00000768      0x390 .\CortexM0\ARM_GCC_541\Debug\KOJUKEI_20241030.a(CapSense_Filter.o)
 .debug_frame   0x00000af8      0x348 .\CortexM0\ARM_GCC_541\Debug\KOJUKEI_20241030.a(CapSense_Sensing.o)
 .debug_frame   0x00000e40      0x2c8 .\CortexM0\ARM_GCC_541\Debug\KOJUKEI_20241030.a(CapSense_SensingCSD_LL.o)
 .debug_frame   0x00001108       0x74 .\CortexM0\ARM_GCC_541\Debug\KOJUKEI_20241030.a(CapSense_Centroid_LL.o)
 .debug_frame   0x0000117c      0x3a0 .\CortexM0\ARM_GCC_541\Debug\KOJUKEI_20241030.a(LED_CONTROL.o)
 .debug_frame   0x0000151c       0x70 .\CortexM0\ARM_GCC_541\Debug\KOJUKEI_20241030.a(Pin_1.o)
 .debug_frame   0x0000158c      0x3e0 .\CortexM0\ARM_GCC_541\Debug\KOJUKEI_20241030.a(CyLib.o)
 .debug_frame   0x0000196c      0x3a8 .\CortexM0\ARM_GCC_541\Debug\KOJUKEI_20241030.a(CyLFClk.o)
 .debug_frame   0x00001d14      0x110 .\CortexM0\ARM_GCC_541\Debug\KOJUKEI_20241030.a(CapSense_ISR.o)
 .debug_frame   0x00001e24       0x78 .\CortexM0\ARM_GCC_541\Debug\KOJUKEI_20241030.a(CapSense_INT.o)
 .debug_frame   0x00001e9c       0x5c C:\Program Files (x86)\Cypress\PSoC Creator\4.4\PSoC Creator\psoc\content\CyComponentLibrary\CyComponentLibrary.cylib\CapSense_P4_v7_0\PSoC4\Library\Capsense_P4Library_GCC.a(CapSense_SmartSense_LL.o)
 .debug_frame   0x00001ef8       0x20 c:/program files (x86)/cypress/psoc creator/4.4/psoc creator/import/gnu/arm/5.4.1/bin/../lib/gcc/arm-none-eabi/5.4.1/armv6-m\libgcc.a(_udivsi3.o)
 .debug_frame   0x00001f18       0x20 c:/program files (x86)/cypress/psoc creator/4.4/psoc creator/import/gnu/arm/5.4.1/bin/../lib/gcc/arm-none-eabi/5.4.1/armv6-m\libgcc.a(_divsi3.o)
 .debug_frame   0x00001f38       0x20 c:/program files (x86)/cypress/psoc creator/4.4/psoc creator/import/gnu/arm/5.4.1/bin/../lib/gcc/arm-none-eabi/5.4.1/../../../../arm-none-eabi/lib/armv6-m\libg_nano.a(lib_a-errno.o)
 .debug_frame   0x00001f58       0x28 c:/program files (x86)/cypress/psoc creator/4.4/psoc creator/import/gnu/arm/5.4.1/bin/../lib/gcc/arm-none-eabi/5.4.1/../../../../arm-none-eabi/lib/armv6-m\libg_nano.a(lib_a-exit.o)
 .debug_frame   0x00001f80       0x2c c:/program files (x86)/cypress/psoc creator/4.4/psoc creator/import/gnu/arm/5.4.1/bin/../lib/gcc/arm-none-eabi/5.4.1/../../../../arm-none-eabi/lib/armv6-m\libg_nano.a(lib_a-init.o)
 .debug_frame   0x00001fac       0x28 c:/program files (x86)/cypress/psoc creator/4.4/psoc creator/import/gnu/arm/5.4.1/bin/../lib/gcc/arm-none-eabi/5.4.1/../../../../arm-none-eabi/lib/armv6-m\libg_nano.a(lib_a-memcpy-stub.o)
 .debug_frame   0x00001fd4       0x20 c:/program files (x86)/cypress/psoc creator/4.4/psoc creator/import/gnu/arm/5.4.1/bin/../lib/gcc/arm-none-eabi/5.4.1/../../../../arm-none-eabi/lib/armv6-m\libg_nano.a(lib_a-memset.o)

.debug_str      0x00000000     0x3836
 *(.debug_str)
 .debug_str     0x00000000      0x297 .\CortexM0\ARM_GCC_541\Debug\main.o
                                0x2d7 (size before relaxing)
 .debug_str     0x00000297      0x14c .\CortexM0\ARM_GCC_541\Debug\cyfitter_cfg.o
                                0x312 (size before relaxing)
 .debug_str     0x000003e3       0xb6 .\CortexM0\ARM_GCC_541\Debug\cymetadata.o
                                0x1d9 (size before relaxing)
 .debug_str     0x00000499      0x13a .\CortexM0\ARM_GCC_541\Debug\Cm0Start.o
                                0x316 (size before relaxing)
 .debug_str     0x000005d3      0x12f .\CortexM0\ARM_GCC_541\Debug\KOJUKEI_20241030.a(UART_1.o)
                                0x2e6 (size before relaxing)
 .debug_str     0x00000702      0x12f .\CortexM0\ARM_GCC_541\Debug\KOJUKEI_20241030.a(UART_1_SPI_UART.o)
                                0x2f7 (size before relaxing)
 .debug_str     0x00000831      0x123 .\CortexM0\ARM_GCC_541\Debug\KOJUKEI_20241030.a(UART_1_UART.o)
                                0x36f (size before relaxing)
 .debug_str     0x00000954      0x770 .\CortexM0\ARM_GCC_541\Debug\KOJUKEI_20241030.a(CapSense_Control.o)
                                0x98d (size before relaxing)
 .debug_str     0x000010c4      0x2c3 .\CortexM0\ARM_GCC_541\Debug\KOJUKEI_20241030.a(CapSense_Processing.o)
                                0x9f7 (size before relaxing)
 .debug_str     0x00001387      0x215 .\CortexM0\ARM_GCC_541\Debug\KOJUKEI_20241030.a(CapSense_Structure.o)
                                0x93f (size before relaxing)
 .debug_str     0x0000159c      0x171 .\CortexM0\ARM_GCC_541\Debug\KOJUKEI_20241030.a(CapSense_Tuner.o)
                                0x6ab (size before relaxing)
 .debug_str     0x0000170d      0x357 .\CortexM0\ARM_GCC_541\Debug\KOJUKEI_20241030.a(CapSense_Filter.o)
                                0x93b (size before relaxing)
 .debug_str     0x00001a64      0x7dc .\CortexM0\ARM_GCC_541\Debug\KOJUKEI_20241030.a(CapSense_Sensing.o)
                                0xec7 (size before relaxing)
 .debug_str     0x00002240      0x356 .\CortexM0\ARM_GCC_541\Debug\KOJUKEI_20241030.a(CapSense_SensingCSD_LL.o)
                                0xc53 (size before relaxing)
 .debug_str     0x00002596       0x98 .\CortexM0\ARM_GCC_541\Debug\KOJUKEI_20241030.a(CapSense_Centroid_LL.o)
                                0x397 (size before relaxing)
 .debug_str     0x0000262e      0x4af .\CortexM0\ARM_GCC_541\Debug\KOJUKEI_20241030.a(LED_CONTROL.o)
                                0x6c2 (size before relaxing)
 .debug_str     0x00002add       0x96 .\CortexM0\ARM_GCC_541\Debug\KOJUKEI_20241030.a(Pin_1.o)
                                0x24b (size before relaxing)
 .debug_str     0x00002b73      0x45c .\CortexM0\ARM_GCC_541\Debug\KOJUKEI_20241030.a(CyLib.o)
                                0x6cb (size before relaxing)
 .debug_str     0x00002fcf      0x519 .\CortexM0\ARM_GCC_541\Debug\KOJUKEI_20241030.a(CyLFClk.o)
                                0x752 (size before relaxing)
 .debug_str     0x000034e8      0x142 .\CortexM0\ARM_GCC_541\Debug\KOJUKEI_20241030.a(CapSense_ISR.o)
                                0x361 (size before relaxing)
 .debug_str     0x0000362a       0x8d .\CortexM0\ARM_GCC_541\Debug\KOJUKEI_20241030.a(CapSense_INT.o)
                                0x72a (size before relaxing)
 .debug_str     0x000036b7      0x17f C:\Program Files (x86)\Cypress\PSoC Creator\4.4\PSoC Creator\psoc\content\CyComponentLibrary\CyComponentLibrary.cylib\CapSense_P4_v7_0\PSoC4\Library\Capsense_P4Library_GCC.a(CapSense_SmartSense_LL.o)
                                0x2c4 (size before relaxing)

.debug_loc      0x00000000     0x592d
 *(.debug_loc)
 .debug_loc     0x00000000       0x1f .\CortexM0\ARM_GCC_541\Debug\main.o
 .debug_loc     0x0000001f      0x14d .\CortexM0\ARM_GCC_541\Debug\cyfitter_cfg.o
 .debug_loc     0x0000016c      0x14f .\CortexM0\ARM_GCC_541\Debug\Cm0Start.o
 .debug_loc     0x000002bb       0x7e .\CortexM0\ARM_GCC_541\Debug\KOJUKEI_20241030.a(UART_1.o)
 .debug_loc     0x00000339       0x96 .\CortexM0\ARM_GCC_541\Debug\KOJUKEI_20241030.a(UART_1_SPI_UART.o)
 .debug_loc     0x000003cf      0x1e4 .\CortexM0\ARM_GCC_541\Debug\KOJUKEI_20241030.a(UART_1_UART.o)
 .debug_loc     0x000005b3      0x43b .\CortexM0\ARM_GCC_541\Debug\KOJUKEI_20241030.a(CapSense_Control.o)
 .debug_loc     0x000009ee      0x845 .\CortexM0\ARM_GCC_541\Debug\KOJUKEI_20241030.a(CapSense_Processing.o)
 .debug_loc     0x00001233      0x45a .\CortexM0\ARM_GCC_541\Debug\KOJUKEI_20241030.a(CapSense_Structure.o)
 .debug_loc     0x0000168d      0x176 .\CortexM0\ARM_GCC_541\Debug\KOJUKEI_20241030.a(CapSense_Tuner.o)
 .debug_loc     0x00001803      0xea0 .\CortexM0\ARM_GCC_541\Debug\KOJUKEI_20241030.a(CapSense_Filter.o)
 .debug_loc     0x000026a3      0x9d0 .\CortexM0\ARM_GCC_541\Debug\KOJUKEI_20241030.a(CapSense_Sensing.o)
 .debug_loc     0x00003073      0xda3 .\CortexM0\ARM_GCC_541\Debug\KOJUKEI_20241030.a(CapSense_SensingCSD_LL.o)
 .debug_loc     0x00003e16      0x223 .\CortexM0\ARM_GCC_541\Debug\KOJUKEI_20241030.a(CapSense_Centroid_LL.o)
 .debug_loc     0x00004039      0x547 .\CortexM0\ARM_GCC_541\Debug\KOJUKEI_20241030.a(LED_CONTROL.o)
 .debug_loc     0x00004580       0xa2 .\CortexM0\ARM_GCC_541\Debug\KOJUKEI_20241030.a(Pin_1.o)
 .debug_loc     0x00004622      0x599 .\CortexM0\ARM_GCC_541\Debug\KOJUKEI_20241030.a(CyLib.o)
 .debug_loc     0x00004bbb      0x9b5 .\CortexM0\ARM_GCC_541\Debug\KOJUKEI_20241030.a(CyLFClk.o)
 .debug_loc     0x00005570       0x82 .\CortexM0\ARM_GCC_541\Debug\KOJUKEI_20241030.a(CapSense_ISR.o)
 .debug_loc     0x000055f2       0x3c .\CortexM0\ARM_GCC_541\Debug\KOJUKEI_20241030.a(CapSense_INT.o)
 .debug_loc     0x0000562e      0x2ff C:\Program Files (x86)\Cypress\PSoC Creator\4.4\PSoC Creator\psoc\content\CyComponentLibrary\CyComponentLibrary.cylib\CapSense_P4_v7_0\PSoC4\Library\Capsense_P4Library_GCC.a(CapSense_SmartSense_LL.o)

.debug_macinfo
 *(.debug_macinfo)

.debug_ranges   0x00000000      0x9f8
 *(.debug_ranges)
 .debug_ranges  0x00000000       0x10 .\CortexM0\ARM_GCC_541\Debug\main.o
 .debug_ranges  0x00000010       0x38 .\CortexM0\ARM_GCC_541\Debug\cyfitter_cfg.o
 .debug_ranges  0x00000048       0x38 .\CortexM0\ARM_GCC_541\Debug\Cm0Start.o
 .debug_ranges  0x00000080       0x50 .\CortexM0\ARM_GCC_541\Debug\KOJUKEI_20241030.a(UART_1.o)
 .debug_ranges  0x000000d0       0x50 .\CortexM0\ARM_GCC_541\Debug\KOJUKEI_20241030.a(UART_1_SPI_UART.o)
 .debug_ranges  0x00000120       0x58 .\CortexM0\ARM_GCC_541\Debug\KOJUKEI_20241030.a(UART_1_UART.o)
 .debug_ranges  0x00000178       0x58 .\CortexM0\ARM_GCC_541\Debug\KOJUKEI_20241030.a(CapSense_Control.o)
 .debug_ranges  0x000001d0       0x38 .\CortexM0\ARM_GCC_541\Debug\KOJUKEI_20241030.a(CapSense_Processing.o)
 .debug_ranges  0x00000208       0x48 .\CortexM0\ARM_GCC_541\Debug\KOJUKEI_20241030.a(CapSense_Structure.o)
 .debug_ranges  0x00000250       0x18 .\CortexM0\ARM_GCC_541\Debug\KOJUKEI_20241030.a(CapSense_Tuner.o)
 .debug_ranges  0x00000268       0xf0 .\CortexM0\ARM_GCC_541\Debug\KOJUKEI_20241030.a(CapSense_Filter.o)
 .debug_ranges  0x00000358       0xf0 .\CortexM0\ARM_GCC_541\Debug\KOJUKEI_20241030.a(CapSense_Sensing.o)
 .debug_ranges  0x00000448       0xb0 .\CortexM0\ARM_GCC_541\Debug\KOJUKEI_20241030.a(CapSense_SensingCSD_LL.o)
 .debug_ranges  0x000004f8       0x20 .\CortexM0\ARM_GCC_541\Debug\KOJUKEI_20241030.a(CapSense_Centroid_LL.o)
 .debug_ranges  0x00000518      0x148 .\CortexM0\ARM_GCC_541\Debug\KOJUKEI_20241030.a(LED_CONTROL.o)
 .debug_ranges  0x00000660       0x38 .\CortexM0\ARM_GCC_541\Debug\KOJUKEI_20241030.a(Pin_1.o)
 .debug_ranges  0x00000698      0x170 .\CortexM0\ARM_GCC_541\Debug\KOJUKEI_20241030.a(CyLib.o)
 .debug_ranges  0x00000808      0x128 .\CortexM0\ARM_GCC_541\Debug\KOJUKEI_20241030.a(CyLFClk.o)
 .debug_ranges  0x00000930       0x70 .\CortexM0\ARM_GCC_541\Debug\KOJUKEI_20241030.a(CapSense_ISR.o)
 .debug_ranges  0x000009a0       0x28 .\CortexM0\ARM_GCC_541\Debug\KOJUKEI_20241030.a(CapSense_INT.o)
 .debug_ranges  0x000009c8       0x30 C:\Program Files (x86)\Cypress\PSoC Creator\4.4\PSoC Creator\psoc\content\CyComponentLibrary\CyComponentLibrary.cylib\CapSense_P4_v7_0\PSoC4\Library\Capsense_P4Library_GCC.a(CapSense_SmartSense_LL.o)

.comment        0x00000000       0x6e
 .comment       0x00000000       0x6e .\CortexM0\ARM_GCC_541\Debug\main.o
                                 0x6f (size before relaxing)
 .comment       0x0000006e       0x6f .\CortexM0\ARM_GCC_541\Debug\cyfitter_cfg.o
 .comment       0x0000006e       0x6f .\CortexM0\ARM_GCC_541\Debug\cymetadata.o
 .comment       0x0000006e       0x6f .\CortexM0\ARM_GCC_541\Debug\Cm0Start.o
 .comment       0x0000006e       0x6f .\CortexM0\ARM_GCC_541\Debug\KOJUKEI_20241030.a(UART_1.o)
 .comment       0x0000006e       0x6f .\CortexM0\ARM_GCC_541\Debug\KOJUKEI_20241030.a(UART_1_SPI_UART.o)
 .comment       0x0000006e       0x6f .\CortexM0\ARM_GCC_541\Debug\KOJUKEI_20241030.a(UART_1_UART.o)
 .comment       0x0000006e       0x6f .\CortexM0\ARM_GCC_541\Debug\KOJUKEI_20241030.a(CapSense_Control.o)
 .comment       0x0000006e       0x6f .\CortexM0\ARM_GCC_541\Debug\KOJUKEI_20241030.a(CapSense_Processing.o)
 .comment       0x0000006e       0x6f .\CortexM0\ARM_GCC_541\Debug\KOJUKEI_20241030.a(CapSense_Structure.o)
 .comment       0x0000006e       0x6f .\CortexM0\ARM_GCC_541\Debug\KOJUKEI_20241030.a(CapSense_Tuner.o)
 .comment       0x0000006e       0x6f .\CortexM0\ARM_GCC_541\Debug\KOJUKEI_20241030.a(CapSense_Filter.o)
 .comment       0x0000006e       0x6f .\CortexM0\ARM_GCC_541\Debug\KOJUKEI_20241030.a(CapSense_Sensing.o)
 .comment       0x0000006e       0x6f .\CortexM0\ARM_GCC_541\Debug\KOJUKEI_20241030.a(CapSense_SensingCSD_LL.o)
 .comment       0x0000006e       0x6f .\CortexM0\ARM_GCC_541\Debug\KOJUKEI_20241030.a(CapSense_Centroid_LL.o)
 .comment       0x0000006e       0x6f .\CortexM0\ARM_GCC_541\Debug\KOJUKEI_20241030.a(LED_CONTROL.o)
 .comment       0x0000006e       0x6f .\CortexM0\ARM_GCC_541\Debug\KOJUKEI_20241030.a(Pin_1.o)
 .comment       0x0000006e       0x6f .\CortexM0\ARM_GCC_541\Debug\KOJUKEI_20241030.a(CyLib.o)
 .comment       0x0000006e       0x6f .\CortexM0\ARM_GCC_541\Debug\KOJUKEI_20241030.a(CyLFClk.o)
 .comment       0x0000006e       0x6f .\CortexM0\ARM_GCC_541\Debug\KOJUKEI_20241030.a(CapSense_ISR.o)
 .comment       0x0000006e       0x6f .\CortexM0\ARM_GCC_541\Debug\KOJUKEI_20241030.a(CapSense_INT.o)
 .comment       0x0000006e       0x6f C:\Program Files (x86)\Cypress\PSoC Creator\4.4\PSoC Creator\psoc\content\CyComponentLibrary\CyComponentLibrary.cylib\CapSense_P4_v7_0\PSoC4\Library\Capsense_P4Library_GCC.a(CapSense_SmartSense_LL.o)

.debug_weaknames
 *(.debug_weaknames)

.debug_funcnames
 *(.debug_funcnames)

.debug_typenames
 *(.debug_typenames)

.debug_varnames
 *(.debug_varnames)

.note.gnu.arm.ident
 *(.note.gnu.arm.ident)

.ARM.attributes
                0x00000000       0x28
 *(.ARM.attributes)
 .ARM.attributes
                0x00000000       0x1e c:/program files (x86)/cypress/psoc creator/4.4/psoc creator/import/gnu/arm/5.4.1/bin/../lib/gcc/arm-none-eabi/5.4.1/armv6-m/crti.o
 .ARM.attributes
                0x0000001e       0x2c c:/program files (x86)/cypress/psoc creator/4.4/psoc creator/import/gnu/arm/5.4.1/bin/../lib/gcc/arm-none-eabi/5.4.1/armv6-m/crtbegin.o
 .ARM.attributes
                0x0000004a       0x1b c:/program files (x86)/cypress/psoc creator/4.4/psoc creator/import/gnu/arm/5.4.1/bin/../lib/gcc/arm-none-eabi/5.4.1/../../../../arm-none-eabi/lib/armv6-m/crt0.o
 .ARM.attributes
                0x00000065       0x31 .\CortexM0\ARM_GCC_541\Debug\main.o
 .ARM.attributes
                0x00000096       0x31 .\CortexM0\ARM_GCC_541\Debug\cyfitter_cfg.o
 .ARM.attributes
                0x000000c7       0x31 .\CortexM0\ARM_GCC_541\Debug\cymetadata.o
 .ARM.attributes
                0x000000f8       0x31 .\CortexM0\ARM_GCC_541\Debug\Cm0Start.o
 .ARM.attributes
                0x00000129       0x31 .\CortexM0\ARM_GCC_541\Debug\KOJUKEI_20241030.a(UART_1.o)
 .ARM.attributes
                0x0000015a       0x31 .\CortexM0\ARM_GCC_541\Debug\KOJUKEI_20241030.a(UART_1_SPI_UART.o)
 .ARM.attributes
                0x0000018b       0x31 .\CortexM0\ARM_GCC_541\Debug\KOJUKEI_20241030.a(UART_1_UART.o)
 .ARM.attributes
                0x000001bc       0x31 .\CortexM0\ARM_GCC_541\Debug\KOJUKEI_20241030.a(CapSense_Control.o)
 .ARM.attributes
                0x000001ed       0x31 .\CortexM0\ARM_GCC_541\Debug\KOJUKEI_20241030.a(CapSense_Processing.o)
 .ARM.attributes
                0x0000021e       0x31 .\CortexM0\ARM_GCC_541\Debug\KOJUKEI_20241030.a(CapSense_Structure.o)
 .ARM.attributes
                0x0000024f       0x31 .\CortexM0\ARM_GCC_541\Debug\KOJUKEI_20241030.a(CapSense_Tuner.o)
 .ARM.attributes
                0x00000280       0x31 .\CortexM0\ARM_GCC_541\Debug\KOJUKEI_20241030.a(CapSense_Filter.o)
 .ARM.attributes
                0x000002b1       0x31 .\CortexM0\ARM_GCC_541\Debug\KOJUKEI_20241030.a(CapSense_Sensing.o)
 .ARM.attributes
                0x000002e2       0x31 .\CortexM0\ARM_GCC_541\Debug\KOJUKEI_20241030.a(CapSense_SensingCSD_LL.o)
 .ARM.attributes
                0x00000313       0x31 .\CortexM0\ARM_GCC_541\Debug\KOJUKEI_20241030.a(CapSense_Centroid_LL.o)
 .ARM.attributes
                0x00000344       0x31 .\CortexM0\ARM_GCC_541\Debug\KOJUKEI_20241030.a(LED_CONTROL.o)
 .ARM.attributes
                0x00000375       0x31 .\CortexM0\ARM_GCC_541\Debug\KOJUKEI_20241030.a(Pin_1.o)
 .ARM.attributes
                0x000003a6       0x31 .\CortexM0\ARM_GCC_541\Debug\KOJUKEI_20241030.a(CyLib.o)
 .ARM.attributes
                0x000003d7       0x31 .\CortexM0\ARM_GCC_541\Debug\KOJUKEI_20241030.a(CyLFClk.o)
 .ARM.attributes
                0x00000408       0x31 .\CortexM0\ARM_GCC_541\Debug\KOJUKEI_20241030.a(CapSense_ISR.o)
 .ARM.attributes
                0x00000439       0x21 .\CortexM0\ARM_GCC_541\Debug\KOJUKEI_20241030.a(CyBootAsmGnu.o)
 .ARM.attributes
                0x0000045a       0x31 .\CortexM0\ARM_GCC_541\Debug\KOJUKEI_20241030.a(CapSense_INT.o)
 .ARM.attributes
                0x0000048b       0x31 C:\Program Files (x86)\Cypress\PSoC Creator\4.4\PSoC Creator\psoc\content\CyComponentLibrary\CyComponentLibrary.cylib\CapSense_P4_v7_0\PSoC4\Library\Capsense_P4Library_GCC.a(CapSense_SmartSense_LL.o)
 .ARM.attributes
                0x000004bc       0x1e c:/program files (x86)/cypress/psoc creator/4.4/psoc creator/import/gnu/arm/5.4.1/bin/../lib/gcc/arm-none-eabi/5.4.1/armv6-m\libgcc.a(_udivsi3.o)
 .ARM.attributes
                0x000004da       0x1e c:/program files (x86)/cypress/psoc creator/4.4/psoc creator/import/gnu/arm/5.4.1/bin/../lib/gcc/arm-none-eabi/5.4.1/armv6-m\libgcc.a(_divsi3.o)
 .ARM.attributes
                0x000004f8       0x1e c:/program files (x86)/cypress/psoc creator/4.4/psoc creator/import/gnu/arm/5.4.1/bin/../lib/gcc/arm-none-eabi/5.4.1/armv6-m\libgcc.a(_dvmd_tls.o)
 .ARM.attributes
                0x00000516       0x2c c:/program files (x86)/cypress/psoc creator/4.4/psoc creator/import/gnu/arm/5.4.1/bin/../lib/gcc/arm-none-eabi/5.4.1/../../../../arm-none-eabi/lib/armv6-m\libg_nano.a(lib_a-errno.o)
 .ARM.attributes
                0x00000542       0x2c c:/program files (x86)/cypress/psoc creator/4.4/psoc creator/import/gnu/arm/5.4.1/bin/../lib/gcc/arm-none-eabi/5.4.1/../../../../arm-none-eabi/lib/armv6-m\libg_nano.a(lib_a-exit.o)
 .ARM.attributes
                0x0000056e       0x2c c:/program files (x86)/cypress/psoc creator/4.4/psoc creator/import/gnu/arm/5.4.1/bin/../lib/gcc/arm-none-eabi/5.4.1/../../../../arm-none-eabi/lib/armv6-m\libg_nano.a(lib_a-impure.o)
 .ARM.attributes
                0x0000059a       0x2c c:/program files (x86)/cypress/psoc creator/4.4/psoc creator/import/gnu/arm/5.4.1/bin/../lib/gcc/arm-none-eabi/5.4.1/../../../../arm-none-eabi/lib/armv6-m\libg_nano.a(lib_a-init.o)
 .ARM.attributes
                0x000005c6       0x2c c:/program files (x86)/cypress/psoc creator/4.4/psoc creator/import/gnu/arm/5.4.1/bin/../lib/gcc/arm-none-eabi/5.4.1/../../../../arm-none-eabi/lib/armv6-m\libg_nano.a(lib_a-memcpy-stub.o)
 .ARM.attributes
                0x000005f2       0x2c c:/program files (x86)/cypress/psoc creator/4.4/psoc creator/import/gnu/arm/5.4.1/bin/../lib/gcc/arm-none-eabi/5.4.1/../../../../arm-none-eabi/lib/armv6-m\libg_nano.a(lib_a-memset.o)
 .ARM.attributes
                0x0000061e       0x2c c:/program files (x86)/cypress/psoc creator/4.4/psoc creator/import/gnu/arm/5.4.1/bin/../lib/gcc/arm-none-eabi/5.4.1/armv6-m/crtend.o
 .ARM.attributes
                0x0000064a       0x1e c:/program files (x86)/cypress/psoc creator/4.4/psoc creator/import/gnu/arm/5.4.1/bin/../lib/gcc/arm-none-eabi/5.4.1/armv6-m/crtn.o

/DISCARD/
 *(.note.GNU-stack)
OUTPUT(C:\Users\SHOZO\Documents\GitHub\rokko_touch_2020\PSocCreator4_4\KOJUKEI_20241030.cydsn\CortexM0\ARM_GCC_541\Debug\KOJUKEI_20241030.elf elf32-littlearm)
